Component: ARM Compiler 5.05 update 1 (build 106) Tool: armlink [4d0efa]

==============================================================================

Section Cross References

    app.o(i.main) refers to os_core.o(i.OSInit) for OSInit
    app.o(i.main) refers to os_core.o(i.OSStart) for OSStart
    os_core.o(i.OSEventNameGet) refers to os_cpu_a.o(.text) for OS_CPU_SR_Save
    os_core.o(i.OSEventNameGet) refers to os_core.o(i.OS_StrCopy) for OS_StrCopy
    os_core.o(i.OSEventNameGet) refers to os_core.o(.data) for OSIntNesting
    os_core.o(i.OSEventNameSet) refers to os_cpu_a.o(.text) for OS_CPU_SR_Save
    os_core.o(i.OSEventNameSet) refers to os_core.o(i.OS_StrLen) for OS_StrLen
    os_core.o(i.OSEventNameSet) refers to os_core.o(i.OS_StrCopy) for OS_StrCopy
    os_core.o(i.OSEventNameSet) refers to os_core.o(.data) for OSIntNesting
    os_core.o(i.OSEventPendMulti) refers to os_cpu_a.o(.text) for OS_CPU_SR_Save
    os_core.o(i.OSEventPendMulti) refers to os_core.o(i.OS_EventTaskWaitMulti) for OS_EventTaskWaitMulti
    os_core.o(i.OSEventPendMulti) refers to os_core.o(i.OS_Sched) for OS_Sched
    os_core.o(i.OSEventPendMulti) refers to os_core.o(i.OS_EventTaskRemoveMulti) for OS_EventTaskRemoveMulti
    os_core.o(i.OSEventPendMulti) refers to os_core.o(.data) for OSIntNesting
    os_core.o(i.OSInit) refers to os_cpu_c.o(i.OSInitHookBegin) for OSInitHookBegin
    os_core.o(i.OSInit) refers to os_core.o(i.OS_InitMisc) for OS_InitMisc
    os_core.o(i.OSInit) refers to os_core.o(i.OS_InitRdyList) for OS_InitRdyList
    os_core.o(i.OSInit) refers to os_core.o(i.OS_InitTCBList) for OS_InitTCBList
    os_core.o(i.OSInit) refers to os_core.o(i.OS_InitEventList) for OS_InitEventList
    os_core.o(i.OSInit) refers to os_flag.o(i.OS_FlagInit) for OS_FlagInit
    os_core.o(i.OSInit) refers to os_core.o(i.OS_InitTaskIdle) for OS_InitTaskIdle
    os_core.o(i.OSInit) refers to os_core.o(i.OS_InitTaskStat) for OS_InitTaskStat
    os_core.o(i.OSInit) refers to os_cpu_c.o(i.OSInitHookEnd) for OSInitHookEnd
    os_core.o(i.OSInit) refers to os_dbg.o(i.OSDebugInit) for OSDebugInit
    os_core.o(i.OSIntEnter) refers to os_core.o(.data) for OSRunning
    os_core.o(i.OSIntExit) refers to os_cpu_a.o(.text) for OS_CPU_SR_Save
    os_core.o(i.OSIntExit) refers to os_core.o(i.OS_SchedNew) for OS_SchedNew
    os_core.o(i.OSIntExit) refers to os_core.o(.data) for OSRunning
    os_core.o(i.OSIntExit) refers to os_core.o(.bss) for OSTCBPrioTbl
    os_core.o(i.OSSchedLock) refers to os_cpu_a.o(.text) for OS_CPU_SR_Save
    os_core.o(i.OSSchedLock) refers to os_core.o(.data) for OSRunning
    os_core.o(i.OSSchedUnlock) refers to os_cpu_a.o(.text) for OS_CPU_SR_Save
    os_core.o(i.OSSchedUnlock) refers to os_core.o(i.OS_Sched) for OS_Sched
    os_core.o(i.OSSchedUnlock) refers to os_core.o(.data) for OSRunning
    os_core.o(i.OSStart) refers to os_core.o(i.OS_SchedNew) for OS_SchedNew
    os_core.o(i.OSStart) refers to os_cpu_a.o(.text) for OSStartHighRdy
    os_core.o(i.OSStart) refers to os_core.o(.data) for OSRunning
    os_core.o(i.OSStart) refers to os_core.o(.bss) for OSTCBPrioTbl
    os_core.o(i.OSStatInit) refers to os_time.o(i.OSTimeDly) for OSTimeDly
    os_core.o(i.OSStatInit) refers to os_cpu_a.o(.text) for OS_CPU_SR_Save
    os_core.o(i.OSStatInit) refers to os_core.o(.data) for OSIdleCtr
    os_core.o(i.OSTimeTick) refers to os_cpu_c.o(i.OSTimeTickHook) for OSTimeTickHook
    os_core.o(i.OSTimeTick) refers to os_cpu_a.o(.text) for OS_CPU_SR_Save
    os_core.o(i.OSTimeTick) refers to os_core.o(.data) for OSTime
    os_core.o(i.OS_EventTaskRdy) refers to os_core.o(i.OS_EventTaskRemove) for OS_EventTaskRemove
    os_core.o(i.OS_EventTaskRdy) refers to os_core.o(i.OS_EventTaskRemoveMulti) for OS_EventTaskRemoveMulti
    os_core.o(i.OS_EventTaskRdy) refers to os_core.o(.constdata) for OSUnMapTbl
    os_core.o(i.OS_EventTaskRdy) refers to os_core.o(.bss) for OSTCBPrioTbl
    os_core.o(i.OS_EventTaskRdy) refers to os_core.o(.data) for OSRdyGrp
    os_core.o(i.OS_EventTaskWait) refers to os_core.o(.data) for OSTCBCur
    os_core.o(i.OS_EventTaskWaitMulti) refers to os_core.o(.data) for OSTCBCur
    os_core.o(i.OS_InitEventList) refers to os_core.o(i.OS_MemClr) for OS_MemClr
    os_core.o(i.OS_InitEventList) refers to os_core.o(.bss) for OSEventTbl
    os_core.o(i.OS_InitEventList) refers to os_core.o(.data) for OSEventFreeList
    os_core.o(i.OS_InitMisc) refers to os_core.o(.data) for OSTime
    os_core.o(i.OS_InitRdyList) refers to os_core.o(.data) for OSRdyGrp
    os_core.o(i.OS_InitTCBList) refers to os_core.o(i.OS_MemClr) for OS_MemClr
    os_core.o(i.OS_InitTCBList) refers to os_core.o(.bss) for OSTCBTbl
    os_core.o(i.OS_InitTCBList) refers to os_core.o(.data) for OSTCBList
    os_core.o(i.OS_InitTaskIdle) refers to os_task.o(i.OSTaskCreateExt) for OSTaskCreateExt
    os_core.o(i.OS_InitTaskIdle) refers to os_task.o(i.OSTaskNameSet) for OSTaskNameSet
[...]
    os_flag.o(i.OSFlagNameSet) refers to os_core.o(.data) for OSIntNesting
    os_flag.o(i.OSFlagPend) refers to os_cpu_a.o(.text) for OS_CPU_SR_Save
    os_flag.o(i.OSFlagPend) refers to os_flag.o(i.OS_FlagBlock) for OS_FlagBlock
    os_flag.o(i.OSFlagPend) refers to os_core.o(i.OS_Sched) for OS_Sched
    os_flag.o(i.OSFlagPend) refers to os_flag.o(i.OS_FlagUnlink) for OS_FlagUnlink
    os_flag.o(i.OSFlagPend) refers to os_core.o(.data) for OSIntNesting
    os_flag.o(i.OSFlagPendGetFlagsRdy) refers to os_cpu_a.o(.text) for OS_CPU_SR_Save
    os_flag.o(i.OSFlagPendGetFlagsRdy) refers to os_core.o(.data) for OSTCBCur
    os_flag.o(i.OSFlagPost) refers to os_cpu_a.o(.text) for OS_CPU_SR_Save
    os_flag.o(i.OSFlagPost) refers to os_flag.o(i.OS_FlagTaskRdy) for OS_FlagTaskRdy
    os_flag.o(i.OSFlagPost) refers to os_core.o(i.OS_Sched) for OS_Sched
    os_flag.o(i.OSFlagQuery) refers to os_cpu_a.o(.text) for OS_CPU_SR_Save
    os_flag.o(i.OS_FlagBlock) refers to os_core.o(.data) for OSTCBCur
    os_flag.o(i.OS_FlagInit) refers to os_core.o(i.OS_MemClr) for OS_MemClr
    os_flag.o(i.OS_FlagInit) refers to os_core.o(.bss) for OSFlagTbl
    os_flag.o(i.OS_FlagInit) refers to os_core.o(.data) for OSFlagFreeList
    os_flag.o(i.OS_FlagTaskRdy) refers to os_flag.o(i.OS_FlagUnlink) for OS_FlagUnlink
    os_flag.o(i.OS_FlagTaskRdy) refers to os_core.o(.data) for OSRdyGrp
    os_mbox.o(i.OSMboxAccept) refers to os_cpu_a.o(.text) for OS_CPU_SR_Save
    os_mbox.o(i.OSMboxCreate) refers to os_cpu_a.o(.text) for OS_CPU_SR_Save
    os_mbox.o(i.OSMboxCreate) refers to os_core.o(i.OS_EventWaitListInit) for OS_EventWaitListInit
    os_mbox.o(i.OSMboxCreate) refers to os_core.o(.data) for OSIntNesting
    os_mbox.o(i.OSMboxDel) refers to os_cpu_a.o(.text) for OS_CPU_SR_Save
    os_mbox.o(i.OSMboxDel) refers to os_core.o(i.OS_EventTaskRdy) for OS_EventTaskRdy
    os_mbox.o(i.OSMboxDel) refers to os_core.o(i.OS_Sched) for OS_Sched
    os_mbox.o(i.OSMboxDel) refers to os_core.o(.data) for OSIntNesting
    os_mbox.o(i.OSMboxPend) refers to os_cpu_a.o(.text) for OS_CPU_SR_Save
    os_mbox.o(i.OSMboxPend) refers to os_core.o(i.OS_EventTaskWait) for OS_EventTaskWait
    os_mbox.o(i.OSMboxPend) refers to os_core.o(i.OS_Sched) for OS_Sched
    os_mbox.o(i.OSMboxPend) refers to os_core.o(i.OS_EventTaskRemove) for OS_EventTaskRemove
    os_mbox.o(i.OSMboxPend) refers to os_core.o(.data) for OSIntNesting
    os_mbox.o(i.OSMboxPendAbort) refers to os_cpu_a.o(.text) for OS_CPU_SR_Save
    os_mbox.o(i.OSMboxPendAbort) refers to os_core.o(i.OS_EventTaskRdy) for OS_EventTaskRdy
    os_mbox.o(i.OSMboxPendAbort) refers to os_core.o(i.OS_Sched) for OS_Sched
    os_mbox.o(i.OSMboxPost) refers to os_cpu_a.o(.text) for OS_CPU_SR_Save
    os_mbox.o(i.OSMboxPost) refers to os_core.o(i.OS_EventTaskRdy) for OS_EventTaskRdy
    os_mbox.o(i.OSMboxPost) refers to os_core.o(i.OS_Sched) for OS_Sched
    os_mbox.o(i.OSMboxPostOpt) refers to os_cpu_a.o(.text) for OS_CPU_SR_Save
    os_mbox.o(i.OSMboxPostOpt) refers to os_core.o(i.OS_EventTaskRdy) for OS_EventTaskRdy
    os_mbox.o(i.OSMboxPostOpt) refers to os_core.o(i.OS_Sched) for OS_Sched
    os_mbox.o(i.OSMboxQuery) refers to os_cpu_a.o(.text) for OS_CPU_SR_Save
    os_sem.o(i.OSSemAccept) refers to os_cpu_a.o(.text) for OS_CPU_SR_Save
    os_sem.o(i.OSSemCreate) refers to os_cpu_a.o(.text) for OS_CPU_SR_Save
    os_sem.o(i.OSSemCreate) refers to os_core.o(i.OS_EventWaitListInit) for OS_EventWaitListInit
    os_sem.o(i.OSSemCreate) refers to os_core.o(.data) for OSIntNesting
    os_sem.o(i.OSSemDel) refers to os_cpu_a.o(.text) for OS_CPU_SR_Save
    os_sem.o(i.OSSemDel) refers to os_core.o(i.OS_EventTaskRdy) for OS_EventTaskRdy
    os_sem.o(i.OSSemDel) refers to os_core.o(i.OS_Sched) for OS_Sched
    os_sem.o(i.OSSemDel) refers to os_core.o(.data) for OSIntNesting
    os_sem.o(i.OSSemPend) refers to os_cpu_a.o(.text) for OS_CPU_SR_Save
    os_sem.o(i.OSSemPend) refers to os_core.o(i.OS_EventTaskWait) for OS_EventTaskWait
    os_sem.o(i.OSSemPend) refers to os_core.o(i.OS_Sched) for OS_Sched
    os_sem.o(i.OSSemPend) refers to os_core.o(i.OS_EventTaskRemove) for OS_EventTaskRemove
    os_sem.o(i.OSSemPend) refers to os_core.o(.data) for OSIntNesting
    os_sem.o(i.OSSemPendAbort) refers to os_cpu_a.o(.text) for OS_CPU_SR_Save
    os_sem.o(i.OSSemPendAbort) refers to os_core.o(i.OS_EventTaskRdy) for OS_EventTaskRdy
    os_sem.o(i.OSSemPendAbort) refers to os_core.o(i.OS_Sched) for OS_Sched
    os_sem.o(i.OSSemPost) refers to os_cpu_a.o(.text) for OS_CPU_SR_Save
    os_sem.o(i.OSSemPost) refers to os_core.o(i.OS_EventTaskRdy) for OS_EventTaskRdy
    os_sem.o(i.OSSemPost) refers to os_core.o(i.OS_Sched) for OS_Sched
    os_sem.o(i.OSSemQuery) refers to os_cpu_a.o(.text) for OS_CPU_SR_Save
    os_sem.o(i.OSSemSet) refers to os_cpu_a.o(.text) for OS_CPU_SR_Save
    os_task.o(i.OSTaskChangePrio) refers to os_cpu_a.o(.text) for OS_CPU_SR_Save
    os_task.o(i.OSTaskChangePrio) refers to os_core.o(i.OS_Sched) for OS_Sched
    os_task.o(i.OSTaskChangePrio) refers to os_core.o(.bss) for OSTCBPrioTbl
    os_task.o(i.OSTaskChangePrio) refers to os_core.o(.data) for OSTCBCur
    os_task.o(i.OSTaskCreate) refers to os_cpu_a.o(.text) for OS_CPU_SR_Save
    os_task.o(i.OSTaskCreate) refers to os_cpu_c.o(i.OSTaskStkInit) for OSTaskStkInit
    os_task.o(i.OSTaskCreate) refers to os_core.o(i.OS_TCBInit) for OS_TCBInit
    os_task.o(i.OSTaskCreate) refers to os_core.o(i.OS_Sched) for OS_Sched
    os_task.o(i.OSTaskCreate) refers to os_core.o(.data) for OSIntNesting
    os_task.o(i.OSTaskCreate) refers to os_core.o(.bss) for OSTCBPrioTbl
    os_task.o(i.OSTaskCreateExt) refers to os_cpu_a.o(.text) for OS_CPU_SR_Save
    os_task.o(i.OSTaskCreateExt) refers to os_task.o(i.OS_TaskStkClr) for OS_TaskStkClr
    os_task.o(i.OSTaskCreateExt) refers to os_cpu_c.o(i.OSTaskStkInit) for OSTaskStkInit
    os_task.o(i.OSTaskCreateExt) refers to os_core.o(i.OS_TCBInit) for OS_TCBInit
    os_task.o(i.OSTaskCreateExt) refers to os_core.o(i.OS_Sched) for OS_Sched
    os_task.o(i.OSTaskCreateExt) refers to os_core.o(.data) for OSIntNesting
    os_task.o(i.OSTaskCreateExt) refers to os_core.o(.bss) for OSTCBPrioTbl
    os_task.o(i.OSTaskDel) refers to os_cpu_a.o(.text) for OS_CPU_SR_Save
    os_task.o(i.OSTaskDel) refers to os_core.o(i.OS_EventTaskRemove) for OS_EventTaskRemove
    os_task.o(i.OSTaskDel) refers to os_core.o(i.OS_EventTaskRemoveMulti) for OS_EventTaskRemoveMulti
    os_task.o(i.OSTaskDel) refers to os_flag.o(i.OS_FlagUnlink) for OS_FlagUnlink
    os_task.o(i.OSTaskDel) refers to os_core.o(i.OS_Dummy) for OS_Dummy
    os_task.o(i.OSTaskDel) refers to os_cpu_c.o(i.OSTaskDelHook) for OSTaskDelHook
    os_task.o(i.OSTaskDel) refers to os_core.o(i.OS_Sched) for OS_Sched
    os_task.o(i.OSTaskDel) refers to os_core.o(.data) for OSIntNesting
    os_task.o(i.OSTaskDel) refers to os_core.o(.bss) for OSTCBPrioTbl
    os_task.o(i.OSTaskDelReq) refers to os_cpu_a.o(.text) for OS_CPU_SR_Save
    os_task.o(i.OSTaskDelReq) refers to os_core.o(.data) for OSTCBCur
    os_task.o(i.OSTaskDelReq) refers to os_core.o(.bss) for OSTCBPrioTbl
    os_task.o(i.OSTaskNameGet) refers to os_cpu_a.o(.text) for OS_CPU_SR_Save
    os_task.o(i.OSTaskNameGet) refers to os_core.o(i.OS_StrCopy) for OS_StrCopy
    os_task.o(i.OSTaskNameGet) refers to os_core.o(.data) for OSIntNesting
    os_task.o(i.OSTaskNameGet) refers to os_core.o(.bss) for OSTCBPrioTbl
    os_task.o(i.OSTaskNameSet) refers to os_cpu_a.o(.text) for OS_CPU_SR_Save
    os_task.o(i.OSTaskNameSet) refers to os_core.o(i.OS_StrLen) for OS_StrLen
    os_task.o(i.OSTaskNameSet) refers to os_core.o(i.OS_StrCopy) for OS_StrCopy
    os_task.o(i.OSTaskNameSet) refers to os_core.o(.data) for OSIntNesting
    os_task.o(i.OSTaskNameSet) refers to os_core.o(.bss) for OSTCBPrioTbl
    os_task.o(i.OSTaskQuery) refers to os_cpu_a.o(.text) for OS_CPU_SR_Save
    os_task.o(i.OSTaskQuery) refers to os_core.o(i.OS_MemCopy) for OS_MemCopy
    os_task.o(i.OSTaskQuery) refers to os_core.o(.data) for OSTCBCur
    os_task.o(i.OSTaskQuery) refers to os_core.o(.bss) for OSTCBPrioTbl
    os_task.o(i.OSTaskResume) refers to os_cpu_a.o(.text) for OS_CPU_SR_Save
    os_task.o(i.OSTaskResume) refers to os_core.o(i.OS_Sched) for OS_Sched
    os_task.o(i.OSTaskResume) refers to os_core.o(.bss) for OSTCBPrioTbl
    os_task.o(i.OSTaskResume) refers to os_core.o(.data) for OSRdyGrp
    os_task.o(i.OSTaskStkChk) refers to os_cpu_a.o(.text) for OS_CPU_SR_Save
    os_task.o(i.OSTaskStkChk) refers to os_core.o(.data) for OSTCBCur
    os_task.o(i.OSTaskStkChk) refers to os_core.o(.bss) for OSTCBPrioTbl
    os_task.o(i.OSTaskSuspend) refers to os_cpu_a.o(.text) for OS_CPU_SR_Save
    os_task.o(i.OSTaskSuspend) refers to os_core.o(i.OS_Sched) for OS_Sched
    os_task.o(i.OSTaskSuspend) refers to os_core.o(.data) for OSTCBCur
    os_task.o(i.OSTaskSuspend) refers to os_core.o(.bss) for OSTCBPrioTbl
    os_time.o(i.OSTimeDly) refers to os_cpu_a.o(.text) for OS_CPU_SR_Save
    os_time.o(i.OSTimeDly) refers to os_core.o(i.OS_Sched) for OS_Sched
    os_time.o(i.OSTimeDly) refers to os_core.o(.data) for OSIntNesting
    os_time.o(i.OSTimeDlyHMSM) refers to os_time.o(i.OSTimeDly) for OSTimeDly
    os_time.o(i.OSTimeDlyHMSM) refers to os_core.o(.data) for OSIntNesting
    os_time.o(i.OSTimeDlyResume) refers to os_cpu_a.o(.text) for OS_CPU_SR_Save
    os_time.o(i.OSTimeDlyResume) refers to os_core.o(i.OS_Sched) for OS_Sched
    os_time.o(i.OSTimeDlyResume) refers to os_core.o(.bss) for OSTCBPrioTbl
    os_time.o(i.OSTimeDlyResume) refers to os_core.o(.data) for OSRdyGrp
    os_time.o(i.OSTimeGet) refers to os_cpu_a.o(.text) for OS_CPU_SR_Save
    os_time.o(i.OSTimeGet) refers to os_core.o(.data) for OSTime
    os_time.o(i.OSTimeSet) refers to os_cpu_a.o(.text) for OS_CPU_SR_Save
    os_time.o(i.OSTimeSet) refers to os_core.o(.data) for OSTime
    bsp.o(i.BSP_CPU_ClkFreq) refers to stm32f10x_rcc.o(i.RCC_GetClocksFreq) for RCC_GetClocksFreq
    bsp.o(i.OS_CPU_SysTickClkFreq) refers to bsp.o(i.BSP_CPU_ClkFreq) for BSP_CPU_ClkFreq
    lib_mem.o(i.Mem_Clr) refers to lib_mem.o(i.Mem_Set) for Mem_Set
    lib_str.o(i.Str_Char_Last) refers to lib_str.o(i.Str_Len) for Str_Len
    lib_str.o(i.Str_Str) refers to lib_str.o(i.Str_Len) for Str_Len
    lib_str.o(i.Str_Str) refers to lib_str.o(i.Str_Cmp_N) for Str_Cmp_N
    os_cpu_a.o(.text) refers to os_core.o(.data) for OSRunning
    os_cpu_a.o(.text) refers to os_cpu_c.o(i.OSTaskSwHook) for OSTaskSwHook
    os_cpu_c.o(i.OS_CPU_SysTickHandler) refers to os_cpu_a.o(.text) for OS_CPU_SR_Save
    os_cpu_c.o(i.OS_CPU_SysTickHandler) refers to os_core.o(i.OSTimeTick) for OSTimeTick
    os_cpu_c.o(i.OS_CPU_SysTickHandler) refers to os_core.o(i.OSIntExit) for OSIntExit
    os_cpu_c.o(i.OS_CPU_SysTickHandler) refers to os_core.o(.data) for OSIntNesting
    os_cpu_c.o(i.OS_CPU_SysTickInit) refers to bsp.o(i.OS_CPU_SysTickClkFreq) for OS_CPU_SysTickClkFreq
    os_dbg.o(i.OSDebugInit) refers to os_dbg.o(.constdata) for OSDebugEn
    cpu_c.o(i.CPU_IntSrcDis) refers to cpu_a.o(.text) for CPU_SR_Save
    cpu_c.o(i.CPU_IntSrcEn) refers to cpu_a.o(.text) for CPU_SR_Save
    cpu_c.o(i.CPU_IntSrcPrioGet) refers to cpu_a.o(.text) for CPU_SR_Save
    cpu_c.o(i.CPU_IntSrcPrioSet) refers to cpu_a.o(.text) for CPU_RevBits
    stm32f10x_gpio.o(i.GPIO_AFIODeInit) refers to stm32f10x_rcc.o(i.RCC_APB2PeriphResetCmd) for RCC_APB2PeriphResetCmd
    stm32f10x_gpio.o(i.GPIO_DeInit) refers to stm32f10x_rcc.o(i.RCC_APB2PeriphResetCmd) for RCC_APB2PeriphResetCmd
    stm32f10x_rcc.o(i.RCC_GetClocksFreq) refers to stm32f10x_rcc.o(.data) for APBAHBPrescTable
    stm32f10x_rcc.o(i.RCC_WaitForHSEStartUp) refers to stm32f10x_rcc.o(i.RCC_GetFlagStatus) for RCC_GetFlagStatus
    startup_stm32f10x_md.o(STACK) refers (Special) to heapauxi.o(.text) for __use_two_region_memory
    startup_stm32f10x_md.o(HEAP) refers (Special) to heapauxi.o(.text) for __use_two_region_memory
    startup_stm32f10x_md.o(RESET) refers (Special) to heapauxi.o(.text) for __use_two_region_memory
    startup_stm32f10x_md.o(RESET) refers to startup_stm32f10x_md.o(STACK) for __initial_sp
    startup_stm32f10x_md.o(RESET) refers to startup_stm32f10x_md.o(.text) for Reset_Handler
    startup_stm32f10x_md.o(.text) refers (Special) to heapauxi.o(.text) for __use_two_region_memory
    startup_stm32f10x_md.o(.text) refers to system_stm32f10x.o(i.SystemInit) for SystemInit
    startup_stm32f10x_md.o(.text) refers to __main.o(!!!main) for __main
    startup_stm32f10x_md.o(.text) refers to startup_stm32f10x_md.o(HEAP) for Heap_Mem
    startup_stm32f10x_md.o(.text) refers to startup_stm32f10x_md.o(STACK) for Stack_Mem
    system_stm32f10x.o(i.SetSysClock) refers to system_stm32f10x.o(i.SetSysClockTo72) for SetSysClockTo72
    system_stm32f10x.o(i.SystemCoreClockUpdate) refers to system_stm32f10x.o(.data) for SystemCoreClock
    system_stm32f10x.o(i.SystemInit) refers to system_stm32f10x.o(i.SetSysClock) for SetSysClock
    __main.o(!!!main) refers to __rtentry.o(.ARM.Collect$$rtentry$$00000000) for __rt_entry
    __rtentry.o(.ARM.Collect$$rtentry$$00000000) refers (Special) to __rtentry2.o(.ARM.Collect$$rtentry$$0000000A) for __rt_entry_li
    __rtentry.o(.ARM.Collect$$rtentry$$00000000) refers (Special) to __rtentry2.o(.ARM.Collect$$rtentry$$0000000D) for __rt_entry_main
    __rtentry.o(.ARM.Collect$$rtentry$$00000000) refers (Special) to __rtentry2.o(.ARM.Collect$$rtentry$$0000000C) for __rt_entry_postli_1
    __rtentry.o(.ARM.Collect$$rtentry$$00000000) refers (Special) to __rtentry2.o(.ARM.Collect$$rtentry$$00000009) for __rt_entry_postsh_1
    __rtentry.o(.ARM.Collect$$rtentry$$00000000) refers (Special) to __rtentry2.o(.ARM.Collect$$rtentry$$00000002) for __rt_entry_presh_1
    __rtentry.o(.ARM.Collect$$rtentry$$00000000) refers (Special) to __rtentry4.o(.ARM.Collect$$rtentry$$00000004) for __rt_entry_sh
    __rtentry2.o(.ARM.Collect$$rtentry$$00000008) refers to boardinit2.o(.text) for _platform_post_stackheap_init
    __rtentry2.o(.ARM.Collect$$rtentry$$0000000A) refers to libinit.o(.ARM.Collect$$libinit$$00000000) for __rt_lib_init
    __rtentry2.o(.ARM.Collect$$rtentry$$0000000B) refers to boardinit3.o(.text) for _platform_post_lib_init
    __rtentry2.o(.ARM.Collect$$rtentry$$0000000D) refers to app.o(i.main) for main
    __rtentry2.o(.ARM.Collect$$rtentry$$0000000D) refers to exit.o(.text) for exit
    __rtentry2.o(.ARM.exidx) refers to __rtentry2.o(.ARM.Collect$$rtentry$$00000001) for .ARM.Collect$$rtentry$$00000001
    __rtentry2.o(.ARM.exidx) refers to __rtentry2.o(.ARM.Collect$$rtentry$$00000008) for .ARM.Collect$$rtentry$$00000008
    __rtentry2.o(.ARM.exidx) refers to __rtentry2.o(.ARM.Collect$$rtentry$$0000000A) for .ARM.Collect$$rtentry$$0000000A
    __rtentry2.o(.ARM.exidx) refers to __rtentry2.o(.ARM.Collect$$rtentry$$0000000B) for .ARM.Collect$$rtentry$$0000000B
    __rtentry2.o(.ARM.exidx) refers to __rtentry2.o(.ARM.Collect$$rtentry$$0000000D) for .ARM.Collect$$rtentry$$0000000D
    __rtentry4.o(.ARM.Collect$$rtentry$$00000004) refers to sys_stackheap_outer.o(.text) for __user_setup_stackheap
    __rtentry4.o(.ARM.exidx) refers to __rtentry4.o(.ARM.Collect$$rtentry$$00000004) for .ARM.Collect$$rtentry$$00000004
    sys_stackheap_outer.o(.text) refers to libspace.o(.text) for __user_perproc_libspace
    sys_stackheap_outer.o(.text) refers to startup_stm32f10x_md.o(.text) for __user_initial_stackheap
    exit.o(.text) refers to rtexit.o(.ARM.Collect$$rtexit$$00000000) for __rt_exit
    libinit.o(.ARM.Collect$$libinit$$00000000) refers (Special) to libinit2.o(.ARM.Collect$$libinit$$0000002E) for __rt_lib_init_alloca_1
    libinit.o(.ARM.Collect$$libinit$$00000000) refers (Special) to libinit2.o(.ARM.Collect$$libinit$$0000002C) for __rt_lib_init_argv_1
    libinit.o(.ARM.Collect$$libinit$$00000000) refers (Special) to libinit2.o(.ARM.Collect$$libinit$$0000001B) for __rt_lib_init_atexit_1
    libinit.o(.ARM.Collect$$libinit$$00000000) refers (Special) to libinit2.o(.ARM.Collect$$libinit$$00000021) for __rt_lib_init_clock_1
    libinit.o(.ARM.Collect$$libinit$$00000000) refers (Special) to libinit2.o(.ARM.Collect$$libinit$$00000032) for __rt_lib_init_cpp_1
    libinit.o(.ARM.Collect$$libinit$$00000000) refers (Special) to libinit2.o(.ARM.Collect$$libinit$$00000030) for __rt_lib_init_exceptions_1
    libinit.o(.ARM.Collect$$libinit$$00000000) refers (Special) to libinit2.o(.ARM.Collect$$libinit$$00000002) for __rt_lib_init_fp_1
    libinit.o(.ARM.Collect$$libinit$$00000000) refers (Special) to libinit2.o(.ARM.Collect$$libinit$$0000001F) for __rt_lib_init_fp_trap_1
    libinit.o(.ARM.Collect$$libinit$$00000000) refers (Special) to libinit2.o(.ARM.Collect$$libinit$$00000023) for __rt_lib_init_getenv_1
    libinit.o(.ARM.Collect$$libinit$$00000000) refers (Special) to libinit2.o(.ARM.Collect$$libinit$$0000000A) for __rt_lib_init_heap_1
    libinit.o(.ARM.Collect$$libinit$$00000000) refers (Special) to libinit2.o(.ARM.Collect$$libinit$$00000011) for __rt_lib_init_lc_collate_1
    libinit.o(.ARM.Collect$$libinit$$00000000) refers (Special) to libinit2.o(.ARM.Collect$$libinit$$00000013) for __rt_lib_init_lc_ctype_1
    libinit.o(.ARM.Collect$$libinit$$00000000) refers (Special) to libinit2.o(.ARM.Collect$$libinit$$00000015) for __rt_lib_init_lc_monetary_1
    libinit.o(.ARM.Collect$$libinit$$00000000) refers (Special) to libinit2.o(.ARM.Collect$$libinit$$00000017) for __rt_lib_init_lc_numeric_1
    libinit.o(.ARM.Collect$$libinit$$00000000) refers (Special) to libinit2.o(.ARM.Collect$$libinit$$00000019) for __rt_lib_init_lc_time_1
    libinit.o(.ARM.Collect$$libinit$$00000000) refers (Special) to libinit2.o(.ARM.Collect$$libinit$$00000004) for __rt_lib_init_preinit_1
    libinit.o(.ARM.Collect$$libinit$$00000000) refers (Special) to libinit2.o(.ARM.Collect$$libinit$$0000000E) for __rt_lib_init_rand_1
    libinit.o(.ARM.Collect$$libinit$$00000000) refers (Special) to libinit2.o(.ARM.Collect$$libinit$$00000033) for __rt_lib_init_return
    libinit.o(.ARM.Collect$$libinit$$00000000) refers (Special) to libinit2.o(.ARM.Collect$$libinit$$0000001D) for __rt_lib_init_signal_1
    libinit.o(.ARM.Collect$$libinit$$00000000) refers (Special) to libinit2.o(.ARM.Collect$$libinit$$00000025) for __rt_lib_init_stdio_1
    libinit.o(.ARM.Collect$$libinit$$00000000) refers (Special) to libinit2.o(.ARM.Collect$$libinit$$0000000C) for __rt_lib_init_user_alloc_1
    libspace.o(.text) refers to libspace.o(.bss) for __libspace_start
    rtexit.o(.ARM.Collect$$rtexit$$00000000) refers (Special) to rtexit2.o(.ARM.Collect$$rtexit$$00000004) for __rt_exit_exit
    rtexit.o(.ARM.Collect$$rtexit$$00000000) refers (Special) to rtexit2.o(.ARM.Collect$$rtexit$$00000003) for __rt_exit_ls
    rtexit.o(.ARM.Collect$$rtexit$$00000000) refers (Special) to rtexit2.o(.ARM.Collect$$rtexit$$00000002) for __rt_exit_prels_1
    rtexit.o(.ARM.exidx) refers (Special) to rtexit2.o(.ARM.Collect$$rtexit$$00000004) for __rt_exit_exit
    rtexit.o(.ARM.exidx) refers (Special) to rtexit2.o(.ARM.Collect$$rtexit$$00000003) for __rt_exit_ls
    rtexit.o(.ARM.exidx) refers (Special) to rtexit2.o(.ARM.Collect$$rtexit$$00000002) for __rt_exit_prels_1
    rtexit.o(.ARM.exidx) refers to rtexit.o(.ARM.Collect$$rtexit$$00000000) for .ARM.Collect$$rtexit$$00000000
    libinit2.o(.ARM.Collect$$libinit$$00000010) refers to libinit2.o(.ARM.Collect$$libinit$$0000000F) for .ARM.Collect$$libinit$$0000000F
    libinit2.o(.ARM.Collect$$libinit$$00000012) refers to libinit2.o(.ARM.Collect$$libinit$$0000000F) for .ARM.Collect$$libinit$$0000000F
    libinit2.o(.ARM.Collect$$libinit$$00000014) refers to libinit2.o(.ARM.Collect$$libinit$$0000000F) for .ARM.Collect$$libinit$$0000000F
    libinit2.o(.ARM.Collect$$libinit$$00000016) refers to libinit2.o(.ARM.Collect$$libinit$$0000000F) for .ARM.Collect$$libinit$$0000000F
    libinit2.o(.ARM.Collect$$libinit$$00000018) refers to libinit2.o(.ARM.Collect$$libinit$$0000000F) for .ARM.Collect$$libinit$$0000000F
    libinit2.o(.ARM.Collect$$libinit$$00000026) refers to argv_veneer.o(.emb_text) for __ARM_argv_veneer
    libinit2.o(.ARM.Collect$$libinit$$00000027) refers to argv_veneer.o(.emb_text) for __ARM_argv_veneer
    rtexit2.o(.ARM.Collect$$rtexit$$00000003) refers to libshutdown.o(.ARM.Collect$$libshutdown$$00000000) for __rt_lib_shutdown
    rtexit2.o(.ARM.Collect$$rtexit$$00000004) refers to sys_exit.o(.text) for _sys_exit
    rtexit2.o(.ARM.exidx) refers to rtexit2.o(.ARM.Collect$$rtexit$$00000001) for .ARM.Collect$$rtexit$$00000001
    rtexit2.o(.ARM.exidx) refers to rtexit2.o(.ARM.Collect$$rtexit$$00000003) for .ARM.Collect$$rtexit$$00000003
    rtexit2.o(.ARM.exidx) refers to rtexit2.o(.ARM.Collect$$rtexit$$00000004) for .ARM.Collect$$rtexit$$00000004
    argv_veneer.o(.emb_text) refers to no_argv.o(.text) for __ARM_get_argv
    sys_exit.o(.text) refers (Special) to use_no_semi.o(.text) for __I$use$semihosting
    sys_exit.o(.text) refers (Special) to indicate_semi.o(.text) for __semihosting_library_function
    _get_argv_nomalloc.o(.text) refers (Special) to hrguard.o(.text) for __heap_region$guard
    _get_argv_nomalloc.o(.text) refers to defsig_rtmem_outer.o(.text) for __rt_SIGRTMEM
    _get_argv_nomalloc.o(.text) refers to sys_command.o(.text) for _sys_command_string
    libshutdown.o(.ARM.Collect$$libshutdown$$00000000) refers (Special) to libshutdown2.o(.ARM.Collect$$libshutdown$$00000006) for __rt_lib_shutdown_fp_trap_1
    libshutdown.o(.ARM.Collect$$libshutdown$$00000000) refers (Special) to libshutdown2.o(.ARM.Collect$$libshutdown$$0000000E) for __rt_lib_shutdown_heap_1
    libshutdown.o(.ARM.Collect$$libshutdown$$00000000) refers (Special) to libshutdown2.o(.ARM.Collect$$libshutdown$$0000000F) for __rt_lib_shutdown_return
    libshutdown.o(.ARM.Collect$$libshutdown$$00000000) refers (Special) to libshutdown2.o(.ARM.Collect$$libshutdown$$00000009) for __rt_lib_shutdown_signal_1
    libshutdown.o(.ARM.Collect$$libshutdown$$00000000) refers (Special) to libshutdown2.o(.ARM.Collect$$libshutdown$$00000003) for __rt_lib_shutdown_stdio_1
    libshutdown.o(.ARM.Collect$$libshutdown$$00000000) refers (Special) to libshutdown2.o(.ARM.Collect$$libshutdown$$0000000B) for __rt_lib_shutdown_user_alloc_1
    sys_command.o(.text) refers (Special) to use_no_semi.o(.text) for __I$use$semihosting
    sys_command.o(.text) refers (Special) to indicate_semi.o(.text) for __semihosting_library_function
    defsig_rtmem_outer.o(.text) refers to defsig_rtmem_inner.o(.text) for __rt_SIGRTMEM_inner
    defsig_rtmem_outer.o(.text) refers to defsig_exit.o(.text) for __sig_exit
    defsig_rtmem_formal.o(.text) refers to rt_raise.o(.text) for __rt_raise
    rt_raise.o(.text) refers to __raise.o(.text) for __raise
    rt_raise.o(.text) refers to sys_exit.o(.text) for _sys_exit
    defsig_exit.o(.text) refers to sys_exit.o(.text) for _sys_exit
    defsig_rtmem_inner.o(.text) refers to defsig_general.o(.text) for __default_signal_display
    __raise.o(.text) refers to defsig.o(CL$$defsig) for __default_signal_handler
    defsig_general.o(.text) refers to sys_wrch.o(.text) for _ttywrch
    sys_wrch.o(.text) refers (Special) to use_no_semi.o(.text) for __I$use$semihosting
    sys_wrch.o(.text) refers (Special) to indicate_semi.o(.text) for __semihosting_library_function
    defsig.o(CL$$defsig) refers to defsig_rtmem_inner.o(.text) for __rt_SIGRTMEM_inner
    defsig_abrt_inner.o(.text) refers to defsig_general.o(.text) for __default_signal_display
    defsig_fpe_inner.o(.text) refers to defsig_general.o(.text) for __default_signal_display
    defsig_rtred_inner.o(.text) refers to defsig_general.o(.text) for __default_signal_display
    defsig_stak_inner.o(.text) refers to defsig_general.o(.text) for __default_signal_display
    defsig_pvfn_inner.o(.text) refers to defsig_general.o(.text) for __default_signal_display
    defsig_cppl_inner.o(.text) refers to defsig_general.o(.text) for __default_signal_display
    defsig_segv_inner.o(.text) refers to defsig_general.o(.text) for __default_signal_display
    defsig_other.o(.text) refers to defsig_general.o(.text) for __default_signal_display


==============================================================================

Removing Unused input sections from the image.

    Removing app.o(.rev16_text), (4 bytes).
    Removing app.o(.revsh_text), (4 bytes).
    Removing app.o(.rrx_text), (6 bytes).
    Removing os_core.o(i.OSEventNameGet), (104 bytes).
    Removing os_core.o(i.OSEventNameSet), (124 bytes).
    Removing os_core.o(i.OSEventPendMulti), (600 bytes).
    Removing os_core.o(i.OSIntEnter), (36 bytes).
    Removing os_core.o(i.OSIntExit), (144 bytes).
    Removing os_core.o(i.OSSchedLock), (64 bytes).
    Removing os_core.o(i.OSSchedUnlock), (96 bytes).
    Removing os_core.o(i.OSStatInit), (76 bytes).
    Removing os_core.o(i.OSTimeTick), (236 bytes).
    Removing os_core.o(i.OSVersion), (6 bytes).
    Removing os_core.o(i.OS_Dummy), (2 bytes).
    Removing os_core.o(i.OS_EventTaskRdy), (144 bytes).
    Removing os_core.o(i.OS_EventTaskRemove), (42 bytes).
    Removing os_core.o(i.OS_EventTaskRemoveMulti), (58 bytes).
    Removing os_core.o(i.OS_EventTaskWait), (124 bytes).
    Removing os_core.o(i.OS_EventTaskWaitMulti), (148 bytes).
    Removing os_core.o(i.OS_EventWaitListInit), (28 bytes).
    Removing os_core.o(i.OS_MemCopy), (20 bytes).
    Removing os_flag.o(i.OSFlagAccept), (252 bytes).
    Removing os_flag.o(i.OSFlagCreate), (100 bytes).
    Removing os_flag.o(i.OSFlagDel), (232 bytes).
    Removing os_flag.o(i.OSFlagNameGet), (88 bytes).
    Removing os_flag.o(i.OSFlagNameSet), (108 bytes).
    Removing os_flag.o(i.OSFlagPend), (600 bytes).
    Removing os_flag.o(i.OSFlagPendGetFlagsRdy), (32 bytes).
    Removing os_flag.o(i.OSFlagPost), (312 bytes).
    Removing os_flag.o(i.OSFlagQuery), (48 bytes).
    Removing os_flag.o(i.OS_FlagBlock), (164 bytes).
    Removing os_flag.o(i.OS_FlagTaskRdy), (92 bytes).
    Removing os_flag.o(i.OS_FlagUnlink), (36 bytes).
    Removing os_mbox.o(i.OSMboxAccept), (38 bytes).
    Removing os_mbox.o(i.OSMboxCreate), (88 bytes).
    Removing os_mbox.o(i.OSMboxDel), (228 bytes).
    Removing os_mbox.o(i.OSMboxPend), (268 bytes).
    Removing os_mbox.o(i.OSMboxPendAbort), (128 bytes).
    Removing os_mbox.o(i.OSMboxPost), (80 bytes).
    Removing os_mbox.o(i.OSMboxPostOpt), (120 bytes).
    Removing os_mbox.o(i.OSMboxQuery), (76 bytes).
    Removing os_sem.o(i.OSSemAccept), (44 bytes).
    Removing os_sem.o(i.OSSemCreate), (88 bytes).
    Removing os_sem.o(i.OSSemDel), (228 bytes).
    Removing os_sem.o(i.OSSemPend), (248 bytes).
    Removing os_sem.o(i.OSSemPendAbort), (128 bytes).
    Removing os_sem.o(i.OSSemPost), (88 bytes).
    Removing os_sem.o(i.OSSemQuery), (82 bytes).
    Removing os_sem.o(i.OSSemSet), (68 bytes).
    Removing os_task.o(i.OSTaskChangePrio), (416 bytes).
    Removing os_task.o(i.OSTaskCreate), (164 bytes).
    Removing os_task.o(i.OSTaskDel), (360 bytes).
    Removing os_task.o(i.OSTaskDelReq), (108 bytes).
    Removing os_task.o(i.OSTaskNameGet), (128 bytes).
    Removing os_task.o(i.OSTaskQuery), (92 bytes).
    Removing os_task.o(i.OSTaskResume), (172 bytes).
    Removing os_time.o(i.OSTimeDlyHMSM), (112 bytes).
    Removing os_time.o(i.OSTimeDlyResume), (180 bytes).
    Removing os_time.o(i.OSTimeGet), (28 bytes).
    Removing os_time.o(i.OSTimeSet), (28 bytes).
    Removing bsp.o(.rev16_text), (4 bytes).
    Removing bsp.o(.revsh_text), (4 bytes).
    Removing bsp.o(.rrx_text), (6 bytes).
    Removing bsp.o(i.BSP_CPU_ClkFreq), (16 bytes).
    Removing bsp.o(i.OS_CPU_SysTickClkFreq), (12 bytes).
    Removing lib_mem.o(i.Mem_Clr), (18 bytes).
    Removing lib_mem.o(i.Mem_Cmp), (196 bytes).
    Removing lib_mem.o(i.Mem_Init), (2 bytes).
    Removing lib_mem.o(i.Mem_Set), (110 bytes).
    Removing lib_str.o(i.Str_Cat), (72 bytes).
    Removing lib_str.o(i.Str_Cat_N), (84 bytes).
    Removing lib_str.o(i.Str_Char), (44 bytes).
    Removing lib_str.o(i.Str_Char_Last), (52 bytes).
    Removing lib_str.o(i.Str_Char_N), (60 bytes).
    Removing lib_str.o(i.Str_Cmp), (108 bytes).
    Removing lib_str.o(i.Str_Cmp_N), (138 bytes).
    Removing lib_str.o(i.Str_Copy), (52 bytes).
    Removing lib_str.o(i.Str_Copy_N), (66 bytes).
    Removing lib_str.o(i.Str_Len), (20 bytes).
    Removing lib_str.o(i.Str_Str), (126 bytes).
    Removing os_cpu_c.o(i.OSTaskDelHook), (2 bytes).
    Removing os_cpu_c.o(i.OSTimeTickHook), (2 bytes).
    Removing os_cpu_c.o(i.OS_CPU_SysTickHandler), (40 bytes).
    Removing os_cpu_c.o(i.OS_CPU_SysTickInit), (44 bytes).
    Removing cpu_a.o(.text), (42 bytes).
    Removing cpu_c.o(i.CPU_BitBandClr), (68 bytes).
    Removing cpu_c.o(i.CPU_BitBandSet), (68 bytes).
    Removing cpu_c.o(i.CPU_IntSrcDis), (248 bytes).
    Removing cpu_c.o(i.CPU_IntSrcEn), (248 bytes).
    Removing cpu_c.o(i.CPU_IntSrcPrioGet), (332 bytes).
    Removing cpu_c.o(i.CPU_IntSrcPrioSet), (380 bytes).
    Removing misc.o(.rev16_text), (4 bytes).
    Removing misc.o(.revsh_text), (4 bytes).
    Removing misc.o(.rrx_text), (6 bytes).
    Removing misc.o(i.NVIC_Init), (112 bytes).
    Removing misc.o(i.NVIC_PriorityGroupConfig), (20 bytes).
    Removing misc.o(i.NVIC_SetVectorTable), (20 bytes).
    Removing misc.o(i.NVIC_SystemLPConfig), (32 bytes).
    Removing misc.o(i.SysTick_CLKSourceConfig), (40 bytes).
    Removing stm32f10x_gpio.o(.rev16_text), (4 bytes).
    Removing stm32f10x_gpio.o(.revsh_text), (4 bytes).
    Removing stm32f10x_gpio.o(.rrx_text), (6 bytes).
    Removing stm32f10x_gpio.o(i.GPIO_AFIODeInit), (20 bytes).
    Removing stm32f10x_gpio.o(i.GPIO_DeInit), (200 bytes).
    Removing stm32f10x_gpio.o(i.GPIO_ETH_MediaInterfaceConfig), (12 bytes).
    Removing stm32f10x_gpio.o(i.GPIO_EXTILineConfig), (64 bytes).
    Removing stm32f10x_gpio.o(i.GPIO_EventOutputCmd), (12 bytes).
    Removing stm32f10x_gpio.o(i.GPIO_EventOutputConfig), (32 bytes).
    Removing stm32f10x_gpio.o(i.GPIO_Init), (278 bytes).
    Removing stm32f10x_gpio.o(i.GPIO_PinLockConfig), (18 bytes).
    Removing stm32f10x_gpio.o(i.GPIO_PinRemapConfig), (144 bytes).
    Removing stm32f10x_gpio.o(i.GPIO_ReadInputData), (8 bytes).
    Removing stm32f10x_gpio.o(i.GPIO_ReadInputDataBit), (18 bytes).
    Removing stm32f10x_gpio.o(i.GPIO_ReadOutputData), (8 bytes).
    Removing stm32f10x_gpio.o(i.GPIO_ReadOutputDataBit), (18 bytes).
    Removing stm32f10x_gpio.o(i.GPIO_ResetBits), (4 bytes).
    Removing stm32f10x_gpio.o(i.GPIO_SetBits), (4 bytes).
    Removing stm32f10x_gpio.o(i.GPIO_StructInit), (16 bytes).
    Removing stm32f10x_gpio.o(i.GPIO_Write), (4 bytes).
    Removing stm32f10x_gpio.o(i.GPIO_WriteBit), (10 bytes).
    Removing stm32f10x_rcc.o(.rev16_text), (4 bytes).
    Removing stm32f10x_rcc.o(.revsh_text), (4 bytes).
    Removing stm32f10x_rcc.o(.rrx_text), (6 bytes).
    Removing stm32f10x_rcc.o(i.RCC_ADCCLKConfig), (24 bytes).
    Removing stm32f10x_rcc.o(i.RCC_AHBPeriphClockCmd), (32 bytes).
    Removing stm32f10x_rcc.o(i.RCC_APB1PeriphClockCmd), (32 bytes).
    Removing stm32f10x_rcc.o(i.RCC_APB1PeriphResetCmd), (32 bytes).
    Removing stm32f10x_rcc.o(i.RCC_APB2PeriphClockCmd), (32 bytes).
    Removing stm32f10x_rcc.o(i.RCC_APB2PeriphResetCmd), (32 bytes).
    Removing stm32f10x_rcc.o(i.RCC_AdjustHSICalibrationValue), (24 bytes).
    Removing stm32f10x_rcc.o(i.RCC_BackupResetCmd), (12 bytes).
    Removing stm32f10x_rcc.o(i.RCC_ClearFlag), (20 bytes).
    Removing stm32f10x_rcc.o(i.RCC_ClearITPendingBit), (12 bytes).
    Removing stm32f10x_rcc.o(i.RCC_ClockSecuritySystemCmd), (12 bytes).
    Removing stm32f10x_rcc.o(i.RCC_DeInit), (76 bytes).
    Removing stm32f10x_rcc.o(i.RCC_GetClocksFreq), (212 bytes).
    Removing stm32f10x_rcc.o(i.RCC_GetFlagStatus), (60 bytes).
    Removing stm32f10x_rcc.o(i.RCC_GetITStatus), (24 bytes).
    Removing stm32f10x_rcc.o(i.RCC_GetSYSCLKSource), (16 bytes).
    Removing stm32f10x_rcc.o(i.RCC_HCLKConfig), (24 bytes).
    Removing stm32f10x_rcc.o(i.RCC_HSEConfig), (76 bytes).
    Removing stm32f10x_rcc.o(i.RCC_HSICmd), (12 bytes).
    Removing stm32f10x_rcc.o(i.RCC_ITConfig), (32 bytes).
    Removing stm32f10x_rcc.o(i.RCC_LSEConfig), (52 bytes).
    Removing stm32f10x_rcc.o(i.RCC_LSICmd), (12 bytes).
    Removing stm32f10x_rcc.o(i.RCC_MCOConfig), (12 bytes).
    Removing stm32f10x_rcc.o(i.RCC_PCLK1Config), (24 bytes).
    Removing stm32f10x_rcc.o(i.RCC_PCLK2Config), (24 bytes).
    Removing stm32f10x_rcc.o(i.RCC_PLLCmd), (12 bytes).
    Removing stm32f10x_rcc.o(i.RCC_PLLConfig), (28 bytes).
    Removing stm32f10x_rcc.o(i.RCC_RTCCLKCmd), (12 bytes).
    Removing stm32f10x_rcc.o(i.RCC_RTCCLKConfig), (16 bytes).
    Removing stm32f10x_rcc.o(i.RCC_SYSCLKConfig), (24 bytes).
    Removing stm32f10x_rcc.o(i.RCC_USBCLKConfig), (12 bytes).
    Removing stm32f10x_rcc.o(i.RCC_WaitForHSEStartUp), (56 bytes).
    Removing stm32f10x_rcc.o(.data), (20 bytes).
    Removing system_stm32f10x.o(.rev16_text), (4 bytes).
    Removing system_stm32f10x.o(.revsh_text), (4 bytes).
    Removing system_stm32f10x.o(.rrx_text), (6 bytes).
    Removing system_stm32f10x.o(i.SystemCoreClockUpdate), (164 bytes).
    Removing system_stm32f10x.o(.data), (20 bytes).

161 unused section(s) (total 13016 bytes) removed from the image.

==============================================================================

Image Symbol Table

    Local Symbols

    Symbol Name                              Value     Ov Type        Size  Object(Section)

    ../clib/angel/boardlib.s                 0x00000000   Number         0  boardinit3.o ABSOLUTE
    ../clib/angel/boardlib.s                 0x00000000   Number         0  boardinit2.o ABSOLUTE
    ../clib/angel/boardlib.s                 0x00000000   Number         0  boardinit1.o ABSOLUTE
    ../clib/angel/boardlib.s                 0x00000000   Number         0  boardshut.o ABSOLUTE
    ../clib/angel/handlers.s                 0x00000000   Number         0  __scatter_zi.o ABSOLUTE
    ../clib/angel/handlers.s                 0x00000000   Number         0  __scatter_copy.o ABSOLUTE
    ../clib/angel/kernel.s                   0x00000000   Number         0  __rtentry4.o ABSOLUTE
    ../clib/angel/kernel.s                   0x00000000   Number         0  rtexit2.o ABSOLUTE
    ../clib/angel/kernel.s                   0x00000000   Number         0  rtexit.o ABSOLUTE
    ../clib/angel/kernel.s                   0x00000000   Number         0  __rtentry2.o ABSOLUTE
    ../clib/angel/kernel.s                   0x00000000   Number         0  __rtentry.o ABSOLUTE
    ../clib/angel/rt.s                       0x00000000   Number         0  rt_raise.o ABSOLUTE
    ../clib/angel/scatter.s                  0x00000000   Number         0  __scatter.o ABSOLUTE
    ../clib/angel/startup.s                  0x00000000   Number         0  __main.o ABSOLUTE
    ../clib/angel/sys.s                      0x00000000   Number         0  libspace.o ABSOLUTE
    ../clib/angel/sys.s                      0x00000000   Number         0  sys_stackheap_outer.o ABSOLUTE
    ../clib/angel/sys.s                      0x00000000   Number         0  use_no_semi.o ABSOLUTE
    ../clib/angel/sys.s                      0x00000000   Number         0  indicate_semi.o ABSOLUTE
    ../clib/angel/sysapp.c                   0x00000000   Number         0  sys_exit.o ABSOLUTE
    ../clib/angel/sysapp.c                   0x00000000   Number         0  sys_command.o ABSOLUTE
    ../clib/angel/sysapp.c                   0x00000000   Number         0  sys_wrch.o ABSOLUTE
    ../clib/armsys.c                         0x00000000   Number         0  _get_argv_nomalloc.o ABSOLUTE
    ../clib/armsys.c                         0x00000000   Number         0  no_argv.o ABSOLUTE
    ../clib/armsys.c                         0x00000000   Number         0  argv_veneer.o ABSOLUTE
    ../clib/armsys.c                         0x00000000   Number         0  argv_veneer.o ABSOLUTE
    ../clib/heapalloc.c                      0x00000000   Number         0  hrguard.o ABSOLUTE
    ../clib/heapaux.c                        0x00000000   Number         0  heapauxi.o ABSOLUTE
    ../clib/libinit.s                        0x00000000   Number         0  libshutdown.o ABSOLUTE
    ../clib/libinit.s                        0x00000000   Number         0  libinit.o ABSOLUTE
    ../clib/libinit.s                        0x00000000   Number         0  libshutdown2.o ABSOLUTE
    ../clib/libinit.s                        0x00000000   Number         0  libinit2.o ABSOLUTE
    ../clib/signal.c                         0x00000000   Number         0  defsig_other.o ABSOLUTE
    ../clib/signal.c                         0x00000000   Number         0  defsig_segv_inner.o ABSOLUTE
    ../clib/signal.c                         0x00000000   Number         0  defsig_cppl_inner.o ABSOLUTE
    ../clib/signal.c                         0x00000000   Number         0  defsig_pvfn_inner.o ABSOLUTE
    ../clib/signal.c                         0x00000000   Number         0  defsig_stak_inner.o ABSOLUTE
    ../clib/signal.c                         0x00000000   Number         0  defsig_rtred_inner.o ABSOLUTE
    ../clib/signal.c                         0x00000000   Number         0  defsig_rtmem_outer.o ABSOLUTE
    ../clib/signal.c                         0x00000000   Number         0  defsig_fpe_inner.o ABSOLUTE
    ../clib/signal.c                         0x00000000   Number         0  defsig_abrt_inner.o ABSOLUTE
    ../clib/signal.c                         0x00000000   Number         0  defsig_general.o ABSOLUTE
    ../clib/signal.c                         0x00000000   Number         0  __raise.o ABSOLUTE
    ../clib/signal.c                         0x00000000   Number         0  defsig_exit.o ABSOLUTE
    ../clib/signal.c                         0x00000000   Number         0  defsig_rtmem_formal.o ABSOLUTE
    ../clib/signal.c                         0x00000000   Number         0  defsig_rtmem_inner.o ABSOLUTE
    ../clib/signal.s                         0x00000000   Number         0  defsig.o ABSOLUTE
    ../clib/stdlib.c                         0x00000000   Number         0  exit.o ABSOLUTE
    ../fplib/fpinit.s                        0x00000000   Number         0  fpinit.o ABSOLUTE
    C:\Keil_v5\ARM\PACK\Keil\STM32F1xx_DFP\2.0.0\Device\StdPeriph_Driver\src\misc.c 0x00000000   Number         0  misc.o ABSOLUTE
    C:\Keil_v5\ARM\PACK\Keil\STM32F1xx_DFP\2.0.0\Device\StdPeriph_Driver\src\stm32f10x_gpio.c 0x00000000   Number         0  stm32f10x_gpio.o ABSOLUTE
    C:\Keil_v5\ARM\PACK\Keil\STM32F1xx_DFP\2.0.0\Device\StdPeriph_Driver\src\stm32f10x_rcc.c 0x00000000   Number         0  stm32f10x_rcc.o ABSOLUTE
    C:\\Keil_v5\\ARM\\PACK\\Keil\\STM32F1xx_DFP\\2.0.0\\Device\\StdPeriph_Driver\\src\\misc.c 0x00000000   Number         0  misc.o ABSOLUTE
    C:\\Keil_v5\\ARM\\PACK\\Keil\\STM32F1xx_DFP\\2.0.0\\Device\\StdPeriph_Driver\\src\\stm32f10x_gpio.c 0x00000000   Number         0  stm32f10x_gpio.o ABSOLUTE
    C:\\Keil_v5\\ARM\\PACK\\Keil\\STM32F1xx_DFP\\2.0.0\\Device\\StdPeriph_Driver\\src\\stm32f10x_rcc.c 0x00000000   Number         0  stm32f10x_rcc.o ABSOLUTE
    CPU\cpu_a.asm                            0x00000000   Number         0  cpu_a.o ABSOLUTE
    CPU\cpu_c.c                              0x00000000   Number         0  cpu_c.o ABSOLUTE
    CPU\os_cpu_a.asm                         0x00000000   Number         0  os_cpu_a.o ABSOLUTE
    CPU\os_cpu_c.c                           0x00000000   Number         0  os_cpu_c.o ABSOLUTE
    CPU\os_dbg.c                             0x00000000   Number         0  os_dbg.o ABSOLUTE
    LIB\lib_mem.c                            0x00000000   Number         0  lib_mem.o ABSOLUTE
    LIB\lib_str.c                            0x00000000   Number         0  lib_str.o ABSOLUTE
    RTE\Device\STM32F103C8\startup_stm32f10x_md.s 0x00000000   Number         0  startup_stm32f10x_md.o ABSOLUTE
    RTE\Device\STM32F103C8\system_stm32f10x.c 0x00000000   Number         0  system_stm32f10x.o ABSOLUTE
    RTE\\Device\\STM32F103C8\\system_stm32f10x.c 0x00000000   Number         0  system_stm32f10x.o ABSOLUTE
    UCOS\os_core.c                           0x00000000   Number         0  os_core.o ABSOLUTE
    UCOS\os_flag.c                           0x00000000   Number         0  os_flag.o ABSOLUTE
    UCOS\os_mbox.c                           0x00000000   Number         0  os_mbox.o ABSOLUTE
    UCOS\os_mem.c                            0x00000000   Number         0  os_mem.o ABSOLUTE
    UCOS\os_mutex.c                          0x00000000   Number         0  os_mutex.o ABSOLUTE
    UCOS\os_q.c                              0x00000000   Number         0  os_q.o ABSOLUTE
    UCOS\os_sem.c                            0x00000000   Number         0  os_sem.o ABSOLUTE
    UCOS\os_task.c                           0x00000000   Number         0  os_task.o ABSOLUTE
    UCOS\os_time.c                           0x00000000   Number         0  os_time.o ABSOLUTE
    UCOS\os_tmr.c                            0x00000000   Number         0  os_tmr.o ABSOLUTE
    app.c                                    0x00000000   Number         0  app.o ABSOLUTE
    app.c                                    0x00000000   Number         0  app.o ABSOLUTE
    bsp.c                                    0x00000000   Number         0  bsp.o ABSOLUTE
    bsp.c                                    0x00000000   Number         0  bsp.o ABSOLUTE
    dc.s                                     0x00000000   Number         0  dc.o ABSOLUTE
    RESET                                    0x08000000   Section      236  startup_stm32f10x_md.o(RESET)
    !!!main                                  0x080000ec   Section        8  __main.o(!!!main)
    !!!scatter                               0x080000f4   Section       52  __scatter.o(!!!scatter)
    !!handler_copy                           0x08000128   Section       26  __scatter_copy.o(!!handler_copy)
    !!handler_zi                             0x08000144   Section       28  __scatter_zi.o(!!handler_zi)
    .ARM.Collect$$libinit$$00000000          0x08000160   Section        2  libinit.o(.ARM.Collect$$libinit$$00000000)
    .ARM.Collect$$libinit$$00000002          0x08000162   Section        0  libinit2.o(.ARM.Collect$$libinit$$00000002)
    .ARM.Collect$$libinit$$00000004          0x08000162   Section        0  libinit2.o(.ARM.Collect$$libinit$$00000004)
    .ARM.Collect$$libinit$$0000000A          0x08000162   Section        0  libinit2.o(.ARM.Collect$$libinit$$0000000A)
    .ARM.Collect$$libinit$$0000000C          0x08000162   Section        0  libinit2.o(.ARM.Collect$$libinit$$0000000C)
    .ARM.Collect$$libinit$$0000000E          0x08000162   Section        0  libinit2.o(.ARM.Collect$$libinit$$0000000E)
    .ARM.Collect$$libinit$$00000011          0x08000162   Section        0  libinit2.o(.ARM.Collect$$libinit$$00000011)
    .ARM.Collect$$libinit$$00000013          0x08000162   Section        0  libinit2.o(.ARM.Collect$$libinit$$00000013)
    .ARM.Collect$$libinit$$00000015          0x08000162   Section        0  libinit2.o(.ARM.Collect$$libinit$$00000015)
    .ARM.Collect$$libinit$$00000017          0x08000162   Section        0  libinit2.o(.ARM.Collect$$libinit$$00000017)
    .ARM.Collect$$libinit$$00000019          0x08000162   Section        0  libinit2.o(.ARM.Collect$$libinit$$00000019)
    .ARM.Collect$$libinit$$0000001B          0x08000162   Section        0  libinit2.o(.ARM.Collect$$libinit$$0000001B)
    .ARM.Collect$$libinit$$0000001D          0x08000162   Section        0  libinit2.o(.ARM.Collect$$libinit$$0000001D)
    .ARM.Collect$$libinit$$0000001F          0x08000162   Section        0  libinit2.o(.ARM.Collect$$libinit$$0000001F)
    .ARM.Collect$$libinit$$00000021          0x08000162   Section        0  libinit2.o(.ARM.Collect$$libinit$$00000021)
    .ARM.Collect$$libinit$$00000023          0x08000162   Section        0  libinit2.o(.ARM.Collect$$libinit$$00000023)
    .ARM.Collect$$libinit$$00000025          0x08000162   Section        0  libinit2.o(.ARM.Collect$$libinit$$00000025)
    .ARM.Collect$$libinit$$0000002C          0x08000162   Section        0  libinit2.o(.ARM.Collect$$libinit$$0000002C)
    .ARM.Collect$$libinit$$0000002E          0x08000162   Section        0  libinit2.o(.ARM.Collect$$libinit$$0000002E)
    .ARM.Collect$$libinit$$00000030          0x08000162   Section        0  libinit2.o(.ARM.Collect$$libinit$$00000030)
    .ARM.Collect$$libinit$$00000032          0x08000162   Section        0  libinit2.o(.ARM.Collect$$libinit$$00000032)
    .ARM.Collect$$libinit$$00000033          0x08000162   Section        2  libinit2.o(.ARM.Collect$$libinit$$00000033)
    .ARM.Collect$$libshutdown$$00000000      0x08000164   Section        2  libshutdown.o(.ARM.Collect$$libshutdown$$00000000)
    .ARM.Collect$$libshutdown$$00000003      0x08000166   Section        0  libshutdown2.o(.ARM.Collect$$libshutdown$$00000003)
    .ARM.Collect$$libshutdown$$00000006      0x08000166   Section        0  libshutdown2.o(.ARM.Collect$$libshutdown$$00000006)
    .ARM.Collect$$libshutdown$$00000009      0x08000166   Section        0  libshutdown2.o(.ARM.Collect$$libshutdown$$00000009)
    .ARM.Collect$$libshutdown$$0000000B      0x08000166   Section        0  libshutdown2.o(.ARM.Collect$$libshutdown$$0000000B)
    .ARM.Collect$$libshutdown$$0000000E      0x08000166   Section        0  libshutdown2.o(.ARM.Collect$$libshutdown$$0000000E)
    .ARM.Collect$$libshutdown$$0000000F      0x08000166   Section        2  libshutdown2.o(.ARM.Collect$$libshutdown$$0000000F)
    .ARM.Collect$$rtentry$$00000000          0x08000168   Section        0  __rtentry.o(.ARM.Collect$$rtentry$$00000000)
    .ARM.Collect$$rtentry$$00000002          0x08000168   Section        0  __rtentry2.o(.ARM.Collect$$rtentry$$00000002)
    .ARM.Collect$$rtentry$$00000004          0x08000168   Section        6  __rtentry4.o(.ARM.Collect$$rtentry$$00000004)
    .ARM.Collect$$rtentry$$00000009          0x0800016e   Section        0  __rtentry2.o(.ARM.Collect$$rtentry$$00000009)
    .ARM.Collect$$rtentry$$0000000A          0x0800016e   Section        4  __rtentry2.o(.ARM.Collect$$rtentry$$0000000A)
    .ARM.Collect$$rtentry$$0000000C          0x08000172   Section        0  __rtentry2.o(.ARM.Collect$$rtentry$$0000000C)
    .ARM.Collect$$rtentry$$0000000D          0x08000172   Section        8  __rtentry2.o(.ARM.Collect$$rtentry$$0000000D)
    .ARM.Collect$$rtexit$$00000000           0x0800017a   Section        2  rtexit.o(.ARM.Collect$$rtexit$$00000000)
    .ARM.Collect$$rtexit$$00000002           0x0800017c   Section        0  rtexit2.o(.ARM.Collect$$rtexit$$00000002)
    .ARM.Collect$$rtexit$$00000003           0x0800017c   Section        4  rtexit2.o(.ARM.Collect$$rtexit$$00000003)
    .ARM.Collect$$rtexit$$00000004           0x08000180   Section        6  rtexit2.o(.ARM.Collect$$rtexit$$00000004)
    .text                                    0x08000188   Section      164  os_cpu_a.o(.text)
    .text                                    0x0800022c   Section       64  startup_stm32f10x_md.o(.text)
    .text                                    0x0800026c   Section        0  heapauxi.o(.text)
    .text                                    0x08000272   Section       74  sys_stackheap_outer.o(.text)
    .text                                    0x080002bc   Section        0  exit.o(.text)
    .text                                    0x080002c8   Section        8  libspace.o(.text)
    .text                                    0x080002d0   Section        0  sys_exit.o(.text)
    .text                                    0x080002dc   Section        2  use_no_semi.o(.text)
    .text                                    0x080002de   Section        0  indicate_semi.o(.text)
    i.OSDebugInit                            0x080002e0   Section        0  os_dbg.o(i.OSDebugInit)
    i.OSInit                                 0x080003f4   Section        0  os_core.o(i.OSInit)
    i.OSInitHookBegin                        0x08000420   Section        0  os_cpu_c.o(i.OSInitHookBegin)
    i.OSInitHookEnd                          0x08000422   Section        0  os_cpu_c.o(i.OSInitHookEnd)
    i.OSStart                                0x08000424   Section        0  os_core.o(i.OSStart)
    i.OSTCBInitHook                          0x0800046c   Section        0  os_cpu_c.o(i.OSTCBInitHook)
    i.OSTaskCreateExt                        0x08000470   Section        0  os_task.o(i.OSTaskCreateExt)
    i.OSTaskCreateHook                       0x08000528   Section        0  os_cpu_c.o(i.OSTaskCreateHook)
    i.OSTaskIdleHook                         0x0800052a   Section        0  os_cpu_c.o(i.OSTaskIdleHook)
    i.OSTaskNameSet                          0x0800052c   Section        0  os_task.o(i.OSTaskNameSet)
    i.OSTaskStatHook                         0x080005bc   Section        0  os_cpu_c.o(i.OSTaskStatHook)
    i.OSTaskStkChk                           0x080005c0   Section        0  os_task.o(i.OSTaskStkChk)
    i.OSTaskStkInit                          0x0800064c   Section        0  os_cpu_c.o(i.OSTaskStkInit)
    i.OSTaskSuspend                          0x080006e8   Section        0  os_task.o(i.OSTaskSuspend)
    i.OSTaskSwHook                           0x08000790   Section        0  os_cpu_c.o(i.OSTaskSwHook)
    i.OSTimeDly                              0x08000794   Section        0  os_time.o(i.OSTimeDly)
    i.OS_FlagInit                            0x08000804   Section        0  os_flag.o(i.OS_FlagInit)
    i.OS_InitEventList                       0x08000850   Section        0  os_core.o(i.OS_InitEventList)
    OS_InitEventList                         0x08000851   Thumb Code    70  os_core.o(i.OS_InitEventList)
    i.OS_InitMisc                            0x080008a0   Section        0  os_core.o(i.OS_InitMisc)
    OS_InitMisc                              0x080008a1   Thumb Code    44  os_core.o(i.OS_InitMisc)
    i.OS_InitRdyList                         0x080008f4   Section        0  os_core.o(i.OS_InitRdyList)
    OS_InitRdyList                           0x080008f5   Thumb Code    46  os_core.o(i.OS_InitRdyList)
    i.OS_InitTCBList                         0x0800093c   Section        0  os_core.o(i.OS_InitTCBList)
    OS_InitTCBList                           0x0800093d   Thumb Code    86  os_core.o(i.OS_InitTCBList)
    i.OS_InitTaskIdle                        0x080009a4   Section        0  os_core.o(i.OS_InitTaskIdle)
    OS_InitTaskIdle                          0x080009a5   Thumb Code    50  os_core.o(i.OS_InitTaskIdle)
    i.OS_InitTaskStat                        0x080009f4   Section        0  os_core.o(i.OS_InitTaskStat)
    OS_InitTaskStat                          0x080009f5   Thumb Code    50  os_core.o(i.OS_InitTaskStat)
    i.OS_MemClr                              0x08000a44   Section        0  os_core.o(i.OS_MemClr)
    i.OS_Sched                               0x08000a58   Section        0  os_core.o(i.OS_Sched)
    i.OS_SchedNew                            0x08000acc   Section        0  os_core.o(i.OS_SchedNew)
    OS_SchedNew                              0x08000acd   Thumb Code    26  os_core.o(i.OS_SchedNew)
    i.OS_StrCopy                             0x08000af8   Section        0  os_core.o(i.OS_StrCopy)
    i.OS_StrLen                              0x08000b14   Section        0  os_core.o(i.OS_StrLen)
    i.OS_TCBInit                             0x08000b28   Section        0  os_core.o(i.OS_TCBInit)
    i.OS_TaskIdle                            0x08000c48   Section        0  os_core.o(i.OS_TaskIdle)
    i.OS_TaskStat                            0x08000c6c   Section        0  os_core.o(i.OS_TaskStat)
    i.OS_TaskStatStkChk                      0x08000cf4   Section        0  os_core.o(i.OS_TaskStatStkChk)
    i.OS_TaskStkClr                          0x08000d30   Section        0  os_task.o(i.OS_TaskStkClr)
    i.SetSysClock                            0x08000d4a   Section        0  system_stm32f10x.o(i.SetSysClock)
    SetSysClock                              0x08000d4b   Thumb Code     8  system_stm32f10x.o(i.SetSysClock)
    i.SetSysClockTo72                        0x08000d54   Section        0  system_stm32f10x.o(i.SetSysClockTo72)
    SetSysClockTo72                          0x08000d55   Thumb Code   214  system_stm32f10x.o(i.SetSysClockTo72)
    i.SystemInit                             0x08000e34   Section        0  system_stm32f10x.o(i.SystemInit)
    i.main                                   0x08000e94   Section        0  app.o(i.main)
    .constdata                               0x08000ea2   Section      256  os_core.o(.constdata)
    .constdata                               0x08000fa4   Section       94  os_dbg.o(.constdata)
    .data                                    0x20000000   Section       64  os_core.o(.data)
    .bss                                     0x20000040   Section     3636  os_core.o(.bss)
    .bss                                     0x20000e74   Section       96  libspace.o(.bss)
    HEAP                                     0x20000ed8   Section      512  startup_stm32f10x_md.o(HEAP)
    Heap_Mem                                 0x20000ed8   Data         512  startup_stm32f10x_md.o(HEAP)
    STACK                                    0x200010d8   Section     1024  startup_stm32f10x_md.o(STACK)
    Stack_Mem                                0x200010d8   Data        1024  startup_stm32f10x_md.o(STACK)
    __initial_sp                             0x200014d8   Data           0  startup_stm32f10x_md.o(STACK)

    Global Symbols

    Symbol Name                              Value     Ov Type        Size  Object(Section)

    BuildAttributes$$THM_ISAv4$P$D$K$B$S$PE$A:L22UL41UL21$X:L11$S22US41US21$IEEE1$IW$USESV6$~STKCKD$USESV7$~SHL$OSPACE$ROPI$EBA8$UX$STANDARDLIB$REQ8$PRES8$EABIv2 0x00000000   Number         0  anon$$obj.o ABSOLUTE
    __ARM_use_no_argv                        0x00000000   Number         0  app.o ABSOLUTE
    __ARM_exceptions_init                     - Undefined Weak Reference
    __alloca_initialize                       - Undefined Weak Reference
    __arm_preinit_                            - Undefined Weak Reference
    __cpp_initialize__aeabi_                  - Undefined Weak Reference
    __cxa_finalize                            - Undefined Weak Reference
    __rt_locale                               - Undefined Weak Reference
    __sigvec_lookup                           - Undefined Weak Reference
    _atexit_init                              - Undefined Weak Reference
    _call_atexit_fns                          - Undefined Weak Reference
    _clock_init                               - Undefined Weak Reference
    _fp_trap_init                             - Undefined Weak Reference
    _fp_trap_shutdown                         - Undefined Weak Reference
    _get_lc_collate                           - Undefined Weak Reference
    _get_lc_ctype                             - Undefined Weak Reference
    _get_lc_monetary                          - Undefined Weak Reference
    _get_lc_numeric                           - Undefined Weak Reference
    _get_lc_time                              - Undefined Weak Reference
    _getenv_init                              - Undefined Weak Reference
    _handle_redirection                       - Undefined Weak Reference
    _init_alloc                               - Undefined Weak Reference
    _init_user_alloc                          - Undefined Weak Reference
    _initio                                   - Undefined Weak Reference
    _rand_init                                - Undefined Weak Reference
    _signal_finish                            - Undefined Weak Reference
    _signal_init                              - Undefined Weak Reference
    _terminate_alloc                          - Undefined Weak Reference
    _terminate_user_alloc                     - Undefined Weak Reference
    _terminateio                              - Undefined Weak Reference
    __Vectors_Size                           0x000000ec   Number         0  startup_stm32f10x_md.o ABSOLUTE
    __Vectors                                0x08000000   Data           4  startup_stm32f10x_md.o(RESET)
    __Vectors_End                            0x080000ec   Data           0  startup_stm32f10x_md.o(RESET)
    __main                                   0x080000ed   Thumb Code     8  __main.o(!!!main)
    __scatterload                            0x080000f5   Thumb Code     0  __scatter.o(!!!scatter)
    __scatterload_rt2                        0x080000f5   Thumb Code    44  __scatter.o(!!!scatter)
    __scatterload_rt2_thumb_only             0x080000f5   Thumb Code     0  __scatter.o(!!!scatter)
    __scatterload_null                       0x08000103   Thumb Code     0  __scatter.o(!!!scatter)
    __scatterload_copy                       0x08000129   Thumb Code    26  __scatter_copy.o(!!handler_copy)
    __scatterload_zeroinit                   0x08000145   Thumb Code    28  __scatter_zi.o(!!handler_zi)
    __rt_lib_init                            0x08000161   Thumb Code     0  libinit.o(.ARM.Collect$$libinit$$00000000)
    __rt_lib_init_alloca_1                   0x08000163   Thumb Code     0  libinit2.o(.ARM.Collect$$libinit$$0000002E)
    __rt_lib_init_argv_1                     0x08000163   Thumb Code     0  libinit2.o(.ARM.Collect$$libinit$$0000002C)
    __rt_lib_init_atexit_1                   0x08000163   Thumb Code     0  libinit2.o(.ARM.Collect$$libinit$$0000001B)
    __rt_lib_init_clock_1                    0x08000163   Thumb Code     0  libinit2.o(.ARM.Collect$$libinit$$00000021)
    __rt_lib_init_cpp_1                      0x08000163   Thumb Code     0  libinit2.o(.ARM.Collect$$libinit$$00000032)
    __rt_lib_init_exceptions_1               0x08000163   Thumb Code     0  libinit2.o(.ARM.Collect$$libinit$$00000030)
    __rt_lib_init_fp_1                       0x08000163   Thumb Code     0  libinit2.o(.ARM.Collect$$libinit$$00000002)
    __rt_lib_init_fp_trap_1                  0x08000163   Thumb Code     0  libinit2.o(.ARM.Collect$$libinit$$0000001F)
    __rt_lib_init_getenv_1                   0x08000163   Thumb Code     0  libinit2.o(.ARM.Collect$$libinit$$00000023)
    __rt_lib_init_heap_1                     0x08000163   Thumb Code     0  libinit2.o(.ARM.Collect$$libinit$$0000000A)
    __rt_lib_init_lc_collate_1               0x08000163   Thumb Code     0  libinit2.o(.ARM.Collect$$libinit$$00000011)
    __rt_lib_init_lc_ctype_1                 0x08000163   Thumb Code     0  libinit2.o(.ARM.Collect$$libinit$$00000013)
    __rt_lib_init_lc_monetary_1              0x08000163   Thumb Code     0  libinit2.o(.ARM.Collect$$libinit$$00000015)
    __rt_lib_init_lc_numeric_1               0x08000163   Thumb Code     0  libinit2.o(.ARM.Collect$$libinit$$00000017)
    __rt_lib_init_lc_time_1                  0x08000163   Thumb Code     0  libinit2.o(.ARM.Collect$$libinit$$00000019)
    __rt_lib_init_preinit_1                  0x08000163   Thumb Code     0  libinit2.o(.ARM.Collect$$libinit$$00000004)
    __rt_lib_init_rand_1                     0x08000163   Thumb Code     0  libinit2.o(.ARM.Collect$$libinit$$0000000E)
    __rt_lib_init_return                     0x08000163   Thumb Code     0  libinit2.o(.ARM.Collect$$libinit$$00000033)
    __rt_lib_init_signal_1                   0x08000163   Thumb Code     0  libinit2.o(.ARM.Collect$$libinit$$0000001D)
    __rt_lib_init_stdio_1                    0x08000163   Thumb Code     0  libinit2.o(.ARM.Collect$$libinit$$00000025)
    __rt_lib_init_user_alloc_1               0x08000163   Thumb Code     0  libinit2.o(.ARM.Collect$$libinit$$0000000C)
    __rt_lib_shutdown                        0x08000165   Thumb Code     0  libshutdown.o(.ARM.Collect$$libshutdown$$00000000)
    __rt_lib_shutdown_fp_trap_1              0x08000167   Thumb Code     0  libshutdown2.o(.ARM.Collect$$libshutdown$$00000006)
    __rt_lib_shutdown_heap_1                 0x08000167   Thumb Code     0  libshutdown2.o(.ARM.Collect$$libshutdown$$0000000E)
    __rt_lib_shutdown_return                 0x08000167   Thumb Code     0  libshutdown2.o(.ARM.Collect$$libshutdown$$0000000F)
    __rt_lib_shutdown_signal_1               0x08000167   Thumb Code     0  libshutdown2.o(.ARM.Collect$$libshutdown$$00000009)
    __rt_lib_shutdown_stdio_1                0x08000167   Thumb Code     0  libshutdown2.o(.ARM.Collect$$libshutdown$$00000003)
    __rt_lib_shutdown_user_alloc_1           0x08000167   Thumb Code     0  libshutdown2.o(.ARM.Collect$$libshutdown$$0000000B)
    __rt_entry                               0x08000169   Thumb Code     0  __rtentry.o(.ARM.Collect$$rtentry$$00000000)
    __rt_entry_presh_1                       0x08000169   Thumb Code     0  __rtentry2.o(.ARM.Collect$$rtentry$$00000002)
    __rt_entry_sh                            0x08000169   Thumb Code     0  __rtentry4.o(.ARM.Collect$$rtentry$$00000004)
    __rt_entry_li                            0x0800016f   Thumb Code     0  __rtentry2.o(.ARM.Collect$$rtentry$$0000000A)
    __rt_entry_postsh_1                      0x0800016f   Thumb Code     0  __rtentry2.o(.ARM.Collect$$rtentry$$00000009)
    __rt_entry_main                          0x08000173   Thumb Code     0  __rtentry2.o(.ARM.Collect$$rtentry$$0000000D)
    __rt_entry_postli_1                      0x08000173   Thumb Code     0  __rtentry2.o(.ARM.Collect$$rtentry$$0000000C)
    __rt_exit                                0x0800017b   Thumb Code     0  rtexit.o(.ARM.Collect$$rtexit$$00000000)
    __rt_exit_ls                             0x0800017d   Thumb Code     0  rtexit2.o(.ARM.Collect$$rtexit$$00000003)
    __rt_exit_prels_1                        0x0800017d   Thumb Code     0  rtexit2.o(.ARM.Collect$$rtexit$$00000002)
    __rt_exit_exit                           0x08000181   Thumb Code     0  rtexit2.o(.ARM.Collect$$rtexit$$00000004)
    OS_CPU_SR_Save                           0x08000189   Thumb Code     0  os_cpu_a.o(.text)
    OS_CPU_SR_Restore                        0x08000191   Thumb Code     0  os_cpu_a.o(.text)
    OSStartHighRdy                           0x08000197   Thumb Code     0  os_cpu_a.o(.text)
    OSCtxSw                                  0x080001b7   Thumb Code     0  os_cpu_a.o(.text)
    OSIntCtxSw                               0x080001c1   Thumb Code     0  os_cpu_a.o(.text)
    OS_CPU_PendSVHandler                     0x080001cb   Thumb Code     0  os_cpu_a.o(.text)
    Reset_Handler                            0x0800022d   Thumb Code     8  startup_stm32f10x_md.o(.text)
    NMI_Handler                              0x08000235   Thumb Code     2  startup_stm32f10x_md.o(.text)
    HardFault_Handler                        0x08000237   Thumb Code     2  startup_stm32f10x_md.o(.text)
    MemManage_Handler                        0x08000239   Thumb Code     2  startup_stm32f10x_md.o(.text)
    BusFault_Handler                         0x0800023b   Thumb Code     2  startup_stm32f10x_md.o(.text)
    UsageFault_Handler                       0x0800023d   Thumb Code     2  startup_stm32f10x_md.o(.text)
    SVC_Handler                              0x0800023f   Thumb Code     2  startup_stm32f10x_md.o(.text)
    DebugMon_Handler                         0x08000241   Thumb Code     2  startup_stm32f10x_md.o(.text)
    PendSV_Handler                           0x08000243   Thumb Code     2  startup_stm32f10x_md.o(.text)
    SysTick_Handler                          0x08000245   Thumb Code     2  startup_stm32f10x_md.o(.text)
    ADC1_2_IRQHandler                        0x08000247   Thumb Code     0  startup_stm32f10x_md.o(.text)
    CAN1_RX1_IRQHandler                      0x08000247   Thumb Code     0  startup_stm32f10x_md.o(.text)
    CAN1_SCE_IRQHandler                      0x08000247   Thumb Code     0  startup_stm32f10x_md.o(.text)
    DMA1_Channel1_IRQHandler                 0x08000247   Thumb Code     0  startup_stm32f10x_md.o(.text)
    DMA1_Channel2_IRQHandler                 0x08000247   Thumb Code     0  startup_stm32f10x_md.o(.text)
    DMA1_Channel3_IRQHandler                 0x08000247   Thumb Code     0  startup_stm32f10x_md.o(.text)
    DMA1_Channel4_IRQHandler                 0x08000247   Thumb Code     0  startup_stm32f10x_md.o(.text)
    DMA1_Channel5_IRQHandler                 0x08000247   Thumb Code     0  startup_stm32f10x_md.o(.text)
    DMA1_Channel6_IRQHandler                 0x08000247   Thumb Code     0  startup_stm32f10x_md.o(.text)
    DMA1_Channel7_IRQHandler                 0x08000247   Thumb Code     0  startup_stm32f10x_md.o(.text)
    EXTI0_IRQHandler                         0x08000247   Thumb Code     0  startup_stm32f10x_md.o(.text)
    EXTI15_10_IRQHandler                     0x08000247   Thumb Code     0  startup_stm32f10x_md.o(.text)
    EXTI1_IRQHandler                         0x08000247   Thumb Code     0  startup_stm32f10x_md.o(.text)
    EXTI2_IRQHandler                         0x08000247   Thumb Code     0  startup_stm32f10x_md.o(.text)
    EXTI3_IRQHandler                         0x08000247   Thumb Code     0  startup_stm32f10x_md.o(.text)
    EXTI4_IRQHandler                         0x08000247   Thumb Code     0  startup_stm32f10x_md.o(.text)
    EXTI9_5_IRQHandler                       0x08000247   Thumb Code     0  startup_stm32f10x_md.o(.text)
    FLASH_IRQHandler                         0x08000247   Thumb Code     0  startup_stm32f10x_md.o(.text)
    I2C1_ER_IRQHandler                       0x08000247   Thumb Code     0  startup_stm32f10x_md.o(.text)
    I2C1_EV_IRQHandler                       0x08000247   Thumb Code     0  startup_stm32f10x_md.o(.text)
    I2C2_ER_IRQHandler                       0x08000247   Thumb Code     0  startup_stm32f10x_md.o(.text)
    I2C2_EV_IRQHandler                       0x08000247   Thumb Code     0  startup_stm32f10x_md.o(.text)
    PVD_IRQHandler                           0x08000247   Thumb Code     0  startup_stm32f10x_md.o(.text)
    RCC_IRQHandler                           0x08000247   Thumb Code     0  startup_stm32f10x_md.o(.text)
    RTCAlarm_IRQHandler                      0x08000247   Thumb Code     0  startup_stm32f10x_md.o(.text)
    RTC_IRQHandler                           0x08000247   Thumb Code     0  startup_stm32f10x_md.o(.text)
    SPI1_IRQHandler                          0x08000247   Thumb Code     0  startup_stm32f10x_md.o(.text)
    SPI2_IRQHandler                          0x08000247   Thumb Code     0  startup_stm32f10x_md.o(.text)
    TAMPER_IRQHandler                        0x08000247   Thumb Code     0  startup_stm32f10x_md.o(.text)
    TIM1_BRK_IRQHandler                      0x08000247   Thumb Code     0  startup_stm32f10x_md.o(.text)
    TIM1_CC_IRQHandler                       0x08000247   Thumb Code     0  startup_stm32f10x_md.o(.text)
    TIM1_TRG_COM_IRQHandler                  0x08000247   Thumb Code     0  startup_stm32f10x_md.o(.text)
    TIM1_UP_IRQHandler                       0x08000247   Thumb Code     0  startup_stm32f10x_md.o(.text)
    TIM2_IRQHandler                          0x08000247   Thumb Code     0  startup_stm32f10x_md.o(.text)
    TIM3_IRQHandler                          0x08000247   Thumb Code     0  startup_stm32f10x_md.o(.text)
    TIM4_IRQHandler                          0x08000247   Thumb Code     0  startup_stm32f10x_md.o(.text)
    USART1_IRQHandler                        0x08000247   Thumb Code     0  startup_stm32f10x_md.o(.text)
    USART2_IRQHandler                        0x08000247   Thumb Code     0  startup_stm32f10x_md.o(.text)
    USART3_IRQHandler                        0x08000247   Thumb Code     0  startup_stm32f10x_md.o(.text)
    USBWakeUp_IRQHandler                     0x08000247   Thumb Code     0  startup_stm32f10x_md.o(.text)
    USB_HP_CAN1_TX_IRQHandler                0x08000247   Thumb Code     0  startup_stm32f10x_md.o(.text)
    USB_LP_CAN1_RX0_IRQHandler               0x08000247   Thumb Code     0  startup_stm32f10x_md.o(.text)
    WWDG_IRQHandler                          0x08000247   Thumb Code     0  startup_stm32f10x_md.o(.text)
    __user_initial_stackheap                 0x08000249   Thumb Code     0  startup_stm32f10x_md.o(.text)
    __use_two_region_memory                  0x0800026d   Thumb Code     2  heapauxi.o(.text)
    __rt_heap_escrow$2region                 0x0800026f   Thumb Code     2  heapauxi.o(.text)
    __rt_heap_expand$2region                 0x08000271   Thumb Code     2  heapauxi.o(.text)
    __user_setup_stackheap                   0x08000273   Thumb Code    74  sys_stackheap_outer.o(.text)
    exit                                     0x080002bd   Thumb Code    12  exit.o(.text)
    __user_libspace                          0x080002c9   Thumb Code     8  libspace.o(.text)
    __user_perproc_libspace                  0x080002c9   Thumb Code     0  libspace.o(.text)
    __user_perthread_libspace                0x080002c9   Thumb Code     0  libspace.o(.text)
    _sys_exit                                0x080002d1   Thumb Code     8  sys_exit.o(.text)
    __I$use$semihosting                      0x080002dd   Thumb Code     0  use_no_semi.o(.text)
    __use_no_semihosting_swi                 0x080002dd   Thumb Code     2  use_no_semi.o(.text)
    __semihosting_library_function           0x080002df   Thumb Code     0  indicate_semi.o(.text)
    OSDebugInit                              0x080002e1   Thumb Code    94  os_dbg.o(i.OSDebugInit)
    OSInit                                   0x080003f5   Thumb Code    44  os_core.o(i.OSInit)
    OSInitHookBegin                          0x08000421   Thumb Code     2  os_cpu_c.o(i.OSInitHookBegin)
    OSInitHookEnd                            0x08000423   Thumb Code     2  os_cpu_c.o(i.OSInitHookEnd)
    OSStart                                  0x08000425   Thumb Code    48  os_core.o(i.OSStart)
    OSTCBInitHook                            0x0800046d   Thumb Code     2  os_cpu_c.o(i.OSTCBInitHook)
    OSTaskCreateExt                          0x08000471   Thumb Code   172  os_task.o(i.OSTaskCreateExt)
    OSTaskCreateHook                         0x08000529   Thumb Code     2  os_cpu_c.o(i.OSTaskCreateHook)
    OSTaskIdleHook                           0x0800052b   Thumb Code     2  os_cpu_c.o(i.OSTaskIdleHook)
    OSTaskNameSet                            0x0800052d   Thumb Code   132  os_task.o(i.OSTaskNameSet)
    OSTaskStatHook                           0x080005bd   Thumb Code     2  os_cpu_c.o(i.OSTaskStatHook)
    OSTaskStkChk                             0x080005c1   Thumb Code   132  os_task.o(i.OSTaskStkChk)
    OSTaskStkInit                            0x0800064d   Thumb Code   154  os_cpu_c.o(i.OSTaskStkInit)
    OSTaskSuspend                            0x080006e9   Thumb Code   152  os_task.o(i.OSTaskSuspend)
    OSTaskSwHook                             0x08000791   Thumb Code     2  os_cpu_c.o(i.OSTaskSwHook)
    OSTimeDly                                0x08000795   Thumb Code    96  os_time.o(i.OSTimeDly)
    OS_FlagInit                              0x08000805   Thumb Code    68  os_flag.o(i.OS_FlagInit)
    OS_MemClr                                0x08000a45   Thumb Code    18  os_core.o(i.OS_MemClr)
    OS_Sched                                 0x08000a59   Thumb Code    86  os_core.o(i.OS_Sched)
    OS_StrCopy                               0x08000af9   Thumb Code    28  os_core.o(i.OS_StrCopy)
    OS_StrLen                                0x08000b15   Thumb Code    20  os_core.o(i.OS_StrLen)
    OS_TCBInit                               0x08000b29   Thumb Code   264  os_core.o(i.OS_TCBInit)
    OS_TaskIdle                              0x08000c49   Thumb Code    32  os_core.o(i.OS_TaskIdle)
    OS_TaskStat                              0x08000c6d   Thumb Code   114  os_core.o(i.OS_TaskStat)
    OS_TaskStatStkChk                        0x08000cf5   Thumb Code    54  os_core.o(i.OS_TaskStatStkChk)
    OS_TaskStkClr                            0x08000d31   Thumb Code    26  os_task.o(i.OS_TaskStkClr)
    SystemInit                               0x08000e35   Thumb Code    78  system_stm32f10x.o(i.SystemInit)
    main                                     0x08000e95   Thumb Code    14  app.o(i.main)
    OSUnMapTbl                               0x08000ea2   Data         256  os_core.o(.constdata)
    OSDebugEn                                0x08000fa4   Data           2  os_dbg.o(.constdata)
    OSEndiannessTest                         0x08000fa8   Data           4  os_dbg.o(.constdata)
    OSEventMax                               0x08000fac   Data           2  os_dbg.o(.constdata)
    OSEventNameSize                          0x08000fae   Data           2  os_dbg.o(.constdata)
    OSEventEn                                0x08000fb0   Data           2  os_dbg.o(.constdata)
    OSEventSize                              0x08000fb2   Data           2  os_dbg.o(.constdata)
    OSEventTblSize                           0x08000fb4   Data           2  os_dbg.o(.constdata)
    OSFlagEn                                 0x08000fb6   Data           2  os_dbg.o(.constdata)
    OSFlagGrpSize                            0x08000fb8   Data           2  os_dbg.o(.constdata)
    OSFlagNodeSize                           0x08000fba   Data           2  os_dbg.o(.constdata)
    OSFlagWidth                              0x08000fbc   Data           2  os_dbg.o(.constdata)
    OSFlagMax                                0x08000fbe   Data           2  os_dbg.o(.constdata)
    OSFlagNameSize                           0x08000fc0   Data           2  os_dbg.o(.constdata)
    OSLowestPrio                             0x08000fc2   Data           2  os_dbg.o(.constdata)
    OSMboxEn                                 0x08000fc4   Data           2  os_dbg.o(.constdata)
    OSMemEn                                  0x08000fc6   Data           2  os_dbg.o(.constdata)
    OSMemMax                                 0x08000fc8   Data           2  os_dbg.o(.constdata)
    OSMemNameSize                            0x08000fca   Data           2  os_dbg.o(.constdata)
    OSMemSize                                0x08000fcc   Data           2  os_dbg.o(.constdata)
    OSMemTblSize                             0x08000fce   Data           2  os_dbg.o(.constdata)
    OSMutexEn                                0x08000fd0   Data           2  os_dbg.o(.constdata)
    OSPtrSize                                0x08000fd2   Data           2  os_dbg.o(.constdata)
    OSQEn                                    0x08000fd4   Data           2  os_dbg.o(.constdata)
    OSQMax                                   0x08000fd6   Data           2  os_dbg.o(.constdata)
    OSQSize                                  0x08000fd8   Data           2  os_dbg.o(.constdata)
    OSRdyTblSize                             0x08000fda   Data           2  os_dbg.o(.constdata)
    OSSemEn                                  0x08000fdc   Data           2  os_dbg.o(.constdata)
    OSStkWidth                               0x08000fde   Data           2  os_dbg.o(.constdata)
    OSTaskCreateEn                           0x08000fe0   Data           2  os_dbg.o(.constdata)
    OSTaskCreateExtEn                        0x08000fe2   Data           2  os_dbg.o(.constdata)
    OSTaskDelEn                              0x08000fe4   Data           2  os_dbg.o(.constdata)
    OSTaskIdleStkSize                        0x08000fe6   Data           2  os_dbg.o(.constdata)
    OSTaskProfileEn                          0x08000fe8   Data           2  os_dbg.o(.constdata)
    OSTaskMax                                0x08000fea   Data           2  os_dbg.o(.constdata)
    OSTaskNameSize                           0x08000fec   Data           2  os_dbg.o(.constdata)
    OSTaskStatEn                             0x08000fee   Data           2  os_dbg.o(.constdata)
    OSTaskStatStkSize                        0x08000ff0   Data           2  os_dbg.o(.constdata)
    OSTaskStatStkChkEn                       0x08000ff2   Data           2  os_dbg.o(.constdata)
    OSTaskSwHookEn                           0x08000ff4   Data           2  os_dbg.o(.constdata)
    OSTCBPrioTblMax                          0x08000ff6   Data           2  os_dbg.o(.constdata)
    OSTCBSize                                0x08000ff8   Data           2  os_dbg.o(.constdata)
    OSTicksPerSec                            0x08000ffa   Data           2  os_dbg.o(.constdata)
    OSTimeTickHookEn                         0x08000ffc   Data           2  os_dbg.o(.constdata)
    OSVersionNbr                             0x08000ffe   Data           2  os_dbg.o(.constdata)
    OSDataSize                               0x08001000   Data           2  os_dbg.o(.constdata)
    Region$$Table$$Base                      0x08001004   Number         0  anon$$obj.o(Region$$Table)
    Region$$Table$$Limit                     0x08001024   Number         0  anon$$obj.o(Region$$Table)
    OSCtxSwCtr                               0x20000000   Data           4  os_core.o(.data)
    OSEventFreeList                          0x20000004   Data           4  os_core.o(.data)
    OSFlagFreeList                           0x20000008   Data           4  os_core.o(.data)
    OSCPUUsage                               0x2000000c   Data           1  os_core.o(.data)
    OSIdleCtrMax                             0x20000010   Data           4  os_core.o(.data)
    OSIdleCtrRun                             0x20000014   Data           4  os_core.o(.data)
    OSStatRdy                                0x20000018   Data           1  os_core.o(.data)
    OSIntNesting                             0x20000019   Data           1  os_core.o(.data)
    OSLockNesting                            0x2000001a   Data           1  os_core.o(.data)
    OSPrioCur                                0x2000001b   Data           1  os_core.o(.data)
    OSPrioHighRdy                            0x2000001c   Data           1  os_core.o(.data)
    OSRdyGrp                                 0x2000001d   Data           1  os_core.o(.data)
    OSRdyTbl                                 0x2000001e   Data           4  os_core.o(.data)
    OSRunning                                0x20000022   Data           1  os_core.o(.data)
    OSTaskCtr                                0x20000023   Data           1  os_core.o(.data)
    OSIdleCtr                                0x20000024   Data           4  os_core.o(.data)
    OSTCBCur                                 0x20000028   Data           4  os_core.o(.data)
    OSTCBFreeList                            0x2000002c   Data           4  os_core.o(.data)
    OSTCBHighRdy                             0x20000030   Data           4  os_core.o(.data)
    OSTCBList                                0x20000034   Data           4  os_core.o(.data)
    OSTickStepState                          0x20000038   Data           1  os_core.o(.data)
    OSTime                                   0x2000003c   Data           4  os_core.o(.data)
    OSEventTbl                               0x20000040   Data         320  os_core.o(.bss)
    OSFlagTbl                                0x20000180   Data         140  os_core.o(.bss)
    OSTaskStatStk                            0x2000020c   Data         512  os_core.o(.bss)
    OSTaskIdleStk                            0x2000040c   Data         512  os_core.o(.bss)
    OSTCBPrioTbl                             0x2000060c   Data         128  os_core.o(.bss)
    OSTCBTbl                                 0x2000068c   Data        2024  os_core.o(.bss)
    __libspace_start                         0x20000e74   Data          96  libspace.o(.bss)
    __temporary_stack_top$libspace           0x20000ed4   Data           0  libspace.o(.bss)



==============================================================================

Memory Map of the image

  Image Entry point : 0x0800022d

  Load Region LR_1 (Base: 0x08000000, Size: 0x00001064, Max: 0xffffffff, ABSOLUTE)

    Execution Region ER_RO (Base: 0x08000000, Size: 0x00001024, Max: 0xffffffff, ABSOLUTE)

    Base Addr    Size         Type   Attr      Idx    E Section Name        Object

    0x08000000   0x000000ec   Data   RO         1346    RESET               startup_stm32f10x_md.o
    0x080000ec   0x00000008   Code   RO         1401  * !!!main             c_w.l(__main.o)
    0x080000f4   0x00000034   Code   RO         1557    !!!scatter          c_w.l(__scatter.o)
    0x08000128   0x0000001a   Code   RO         1559    !!handler_copy      c_w.l(__scatter_copy.o)
    0x08000142   0x00000002   PAD
    0x08000144   0x0000001c   Code   RO         1561    !!handler_zi        c_w.l(__scatter_zi.o)
    0x08000160   0x00000002   Code   RO         1428    .ARM.Collect$$libinit$$00000000  c_w.l(libinit.o)
    0x08000162   0x00000000   Code   RO         1435    .ARM.Collect$$libinit$$00000002  c_w.l(libinit2.o)
    0x08000162   0x00000000   Code   RO         1437    .ARM.Collect$$libinit$$00000004  c_w.l(libinit2.o)
    0x08000162   0x00000000   Code   RO         1440    .ARM.Collect$$libinit$$0000000A  c_w.l(libinit2.o)
    0x08000162   0x00000000   Code   RO         1442    .ARM.Collect$$libinit$$0000000C  c_w.l(libinit2.o)
    0x08000162   0x00000000   Code   RO         1444    .ARM.Collect$$libinit$$0000000E  c_w.l(libinit2.o)
    0x08000162   0x00000000   Code   RO         1447    .ARM.Collect$$libinit$$00000011  c_w.l(libinit2.o)
    0x08000162   0x00000000   Code   RO         1449    .ARM.Collect$$libinit$$00000013  c_w.l(libinit2.o)
    0x08000162   0x00000000   Code   RO         1451    .ARM.Collect$$libinit$$00000015  c_w.l(libinit2.o)
    0x08000162   0x00000000   Code   RO         1453    .ARM.Collect$$libinit$$00000017  c_w.l(libinit2.o)
    0x08000162   0x00000000   Code   RO         1455    .ARM.Collect$$libinit$$00000019  c_w.l(libinit2.o)
    0x08000162   0x00000000   Code   RO         1457    .ARM.Collect$$libinit$$0000001B  c_w.l(libinit2.o)
    0x08000162   0x00000000   Code   RO         1459    .ARM.Collect$$libinit$$0000001D  c_w.l(libinit2.o)
    0x08000162   0x00000000   Code   RO         1461    .ARM.Collect$$libinit$$0000001F  c_w.l(libinit2.o)
    0x08000162   0x00000000   Code   RO         1463    .ARM.Collect$$libinit$$00000021  c_w.l(libinit2.o)
    0x08000162   0x00000000   Code   RO         1465    .ARM.Collect$$libinit$$00000023  c_w.l(libinit2.o)
    0x08000162   0x00000000   Code   RO         1467    .ARM.Collect$$libinit$$00000025  c_w.l(libinit2.o)
    0x08000162   0x00000000   Code   RO         1471    .ARM.Collect$$libinit$$0000002C  c_w.l(libinit2.o)
    0x08000162   0x00000000   Code   RO         1473    .ARM.Collect$$libinit$$0000002E  c_w.l(libinit2.o)
    0x08000162   0x00000000   Code   RO         1475    .ARM.Collect$$libinit$$00000030  c_w.l(libinit2.o)
    0x08000162   0x00000000   Code   RO         1477    .ARM.Collect$$libinit$$00000032  c_w.l(libinit2.o)
    0x08000162   0x00000002   Code   RO         1478    .ARM.Collect$$libinit$$00000033  c_w.l(libinit2.o)
    0x08000164   0x00000002   Code   RO         1498    .ARM.Collect$$libshutdown$$00000000  c_w.l(libshutdown.o)
    0x08000166   0x00000000   Code   RO         1512    .ARM.Collect$$libshutdown$$00000003  c_w.l(libshutdown2.o)
    0x08000166   0x00000000   Code   RO         1515    .ARM.Collect$$libshutdown$$00000006  c_w.l(libshutdown2.o)
    0x08000166   0x00000000   Code   RO         1518    .ARM.Collect$$libshutdown$$00000009  c_w.l(libshutdown2.o)
    0x08000166   0x00000000   Code   RO         1520    .ARM.Collect$$libshutdown$$0000000B  c_w.l(libshutdown2.o)
    0x08000166   0x00000000   Code   RO         1523    .ARM.Collect$$libshutdown$$0000000E  c_w.l(libshutdown2.o)
    0x08000166   0x00000002   Code   RO         1524    .ARM.Collect$$libshutdown$$0000000F  c_w.l(libshutdown2.o)
    0x08000168   0x00000000   Code   RO         1403    .ARM.Collect$$rtentry$$00000000  c_w.l(__rtentry.o)
    0x08000168   0x00000000   Code   RO         1405    .ARM.Collect$$rtentry$$00000002  c_w.l(__rtentry2.o)
    0x08000168   0x00000006   Code   RO         1417    .ARM.Collect$$rtentry$$00000004  c_w.l(__rtentry4.o)
    0x0800016e   0x00000000   Code   RO         1407    .ARM.Collect$$rtentry$$00000009  c_w.l(__rtentry2.o)
    0x0800016e   0x00000004   Code   RO         1408    .ARM.Collect$$rtentry$$0000000A  c_w.l(__rtentry2.o)
    0x08000172   0x00000000   Code   RO         1410    .ARM.Collect$$rtentry$$0000000C  c_w.l(__rtentry2.o)
    0x08000172   0x00000008   Code   RO         1411    .ARM.Collect$$rtentry$$0000000D  c_w.l(__rtentry2.o)
    0x0800017a   0x00000002   Code   RO         1432    .ARM.Collect$$rtexit$$00000000  c_w.l(rtexit.o)
    0x0800017c   0x00000000   Code   RO         1480    .ARM.Collect$$rtexit$$00000002  c_w.l(rtexit2.o)
    0x0800017c   0x00000004   Code   RO         1481    .ARM.Collect$$rtexit$$00000003  c_w.l(rtexit2.o)
    0x08000180   0x00000006   Code   RO         1482    .ARM.Collect$$rtexit$$00000004  c_w.l(rtexit2.o)
    0x08000186   0x00000002   PAD
    0x08000188   0x000000a4   Code   RO          810    .text               os_cpu_a.o
    0x0800022c   0x00000040   Code   RO         1347  * .text               startup_stm32f10x_md.o
    0x0800026c   0x00000006   Code   RO         1399    .text               c_w.l(heapauxi.o)
    0x08000272   0x0000004a   Code   RO         1419    .text               c_w.l(sys_stackheap_outer.o)
    0x080002bc   0x0000000c   Code   RO         1421    .text               c_w.l(exit.o)
    0x080002c8   0x00000008   Code   RO         1429    .text               c_w.l(libspace.o)
    0x080002d0   0x0000000c   Code   RO         1490    .text               c_w.l(sys_exit.o)
    0x080002dc   0x00000002   Code   RO         1501    .text               c_w.l(use_no_semi.o)
    0x080002de   0x00000000   Code   RO         1503    .text               c_w.l(indicate_semi.o)
    0x080002de   0x00000002   PAD
    0x080002e0   0x00000114   Code   RO          898    i.OSDebugInit       os_dbg.o
    0x080003f4   0x0000002c   Code   RO          123    i.OSInit            os_core.o
    0x08000420   0x00000002   Code   RO          813    i.OSInitHookBegin   os_cpu_c.o
    0x08000422   0x00000002   Code   RO          814    i.OSInitHookEnd     os_cpu_c.o
    0x08000424   0x00000048   Code   RO          128    i.OSStart           os_core.o
    0x0800046c   0x00000002   Code   RO          815    i.OSTCBInitHook     os_cpu_c.o
    0x0800046e   0x00000002   PAD
    0x08000470   0x000000b8   Code   RO          547    i.OSTaskCreateExt   os_task.o
    0x08000528   0x00000002   Code   RO          816    i.OSTaskCreateHook  os_cpu_c.o
    0x0800052a   0x00000002   Code   RO          818    i.OSTaskIdleHook    os_cpu_c.o
    0x0800052c   0x00000090   Code   RO          551    i.OSTaskNameSet     os_task.o
    0x080005bc   0x00000002   Code   RO          819    i.OSTaskStatHook    os_cpu_c.o
    0x080005be   0x00000002   PAD
    0x080005c0   0x0000008c   Code   RO          554    i.OSTaskStkChk      os_task.o
    0x0800064c   0x0000009a   Code   RO          820    i.OSTaskStkInit     os_cpu_c.o
    0x080006e6   0x00000002   PAD
    0x080006e8   0x000000a8   Code   RO          555    i.OSTaskSuspend     os_task.o
    0x08000790   0x00000002   Code   RO          821    i.OSTaskSwHook      os_cpu_c.o
    0x08000792   0x00000002   PAD
    0x08000794   0x00000070   Code   RO          623    i.OSTimeDly         os_time.o
    0x08000804   0x0000004c   Code   RO          347    i.OS_FlagInit       os_flag.o
    0x08000850   0x00000050   Code   RO          139    i.OS_InitEventList  os_core.o
    0x080008a0   0x00000054   Code   RO          140    i.OS_InitMisc       os_core.o
    0x080008f4   0x00000048   Code   RO          141    i.OS_InitRdyList    os_core.o
    0x0800093c   0x00000068   Code   RO          142    i.OS_InitTCBList    os_core.o
    0x080009a4   0x00000050   Code   RO          143    i.OS_InitTaskIdle   os_core.o
    0x080009f4   0x00000050   Code   RO          144    i.OS_InitTaskStat   os_core.o
    0x08000a44   0x00000012   Code   RO          145    i.OS_MemClr         os_core.o
    0x08000a56   0x00000002   PAD
    0x08000a58   0x00000074   Code   RO          147    i.OS_Sched          os_core.o
    0x08000acc   0x0000002c   Code   RO          148    i.OS_SchedNew       os_core.o
    0x08000af8   0x0000001c   Code   RO          149    i.OS_StrCopy        os_core.o
    0x08000b14   0x00000014   Code   RO          150    i.OS_StrLen         os_core.o
    0x08000b28   0x00000120   Code   RO          151    i.OS_TCBInit        os_core.o
    0x08000c48   0x00000024   Code   RO          152    i.OS_TaskIdle       os_core.o
    0x08000c6c   0x00000088   Code   RO          153    i.OS_TaskStat       os_core.o
    0x08000cf4   0x0000003c   Code   RO          154    i.OS_TaskStatStkChk  os_core.o
    0x08000d30   0x0000001a   Code   RO          556    i.OS_TaskStkClr     os_task.o
    0x08000d4a   0x00000008   Code   RO         1354    i.SetSysClock       system_stm32f10x.o
    0x08000d52   0x00000002   PAD
    0x08000d54   0x000000e0   Code   RO         1355    i.SetSysClockTo72   system_stm32f10x.o
    0x08000e34   0x00000060   Code   RO         1357    i.SystemInit        system_stm32f10x.o
    0x08000e94   0x0000000e   Code   RO            4    i.main              app.o
    0x08000ea2   0x00000100   Data   RO          156    .constdata          os_core.o
    0x08000fa2   0x00000002   PAD
    0x08000fa4   0x0000005e   Data   RO          899    .constdata          os_dbg.o
    0x08001002   0x00000002   PAD
    0x08001004   0x00000020   Data   RO         1555    Region$$Table       anon$$obj.o


    Execution Region ER_RW (Base: 0x20000000, Size: 0x00000040, Max: 0xffffffff, ABSOLUTE)

    Base Addr    Size         Type   Attr      Idx    E Section Name        Object

    0x20000000   0x00000040   Data   RW          157    .data               os_core.o


    Execution Region ER_ZI (Base: 0x20000040, Size: 0x00001498, Max: 0xffffffff, ABSOLUTE)

    Base Addr    Size         Type   Attr      Idx    E Section Name        Object

    0x20000040   0x00000e34   Zero   RW          155    .bss                os_core.o
    0x20000e74   0x00000060   Zero   RW         1430    .bss                c_w.l(libspace.o)
    0x20000ed4   0x00000004   PAD
    0x20000ed8   0x00000200   Zero   RW         1345    HEAP                startup_stm32f10x_md.o
    0x200010d8   0x00000400   Zero   RW         1344    STACK               startup_stm32f10x_md.o


==============================================================================

Image component sizes


      Code (inc. data)   RO Data    RW Data    ZI Data      Debug   Object Name

        14          0          0          0          0      14212   app.o
      1362        282        256         64       3636      17745   os_core.o
       164         32          0          0          0        304   os_cpu_a.o
       168          0          0          0          0      13547   os_cpu_c.o
       276        182         94          0          0       2829   os_dbg.o
        76          8          0          0          0        534   os_flag.o
       662         48          0          0          0       4273   os_task.o
       112         16          0          0          0        588   os_time.o
        64         26        236          0       1536        828   startup_stm32f10x_md.o
       328         28          0          0          0       2021   system_stm32f10x.o

    ----------------------------------------------------------------------
      3238        622        622         64       5172      56881   Object Totals
         0          0         32          0          0          0   (incl. Generated)
        12          0          4          0          0          0   (incl. Padding)

    ----------------------------------------------------------------------

      Code (inc. data)   RO Data    RW Data    ZI Data      Debug   Library Member Name

         8          0          0          0          0         68   __main.o
         0          0          0          0          0          0   __rtentry.o
        12          0          0          0          0          0   __rtentry2.o
         6          0          0          0          0          0   __rtentry4.o
        52          8          0          0          0          0   __scatter.o
        26          0          0          0          0          0   __scatter_copy.o
        28          0          0          0          0          0   __scatter_zi.o
        12          0          0          0          0         72   exit.o
         6          0          0          0          0        152   heapauxi.o
         0          0          0          0          0          0   indicate_semi.o
         2          0          0          0          0          0   libinit.o
         2          0          0          0          0          0   libinit2.o
         2          0          0          0          0          0   libshutdown.o
         2          0          0          0          0          0   libshutdown2.o
         8          4          0          0         96         68   libspace.o
         2          0          0          0          0          0   rtexit.o
        10          0          0          0          0          0   rtexit2.o
        12          4          0          0          0         68   sys_exit.o
        74          0          0          0          0         80   sys_stackheap_outer.o
         2          0          0          0          0         68   use_no_semi.o

    ----------------------------------------------------------------------
       272         16          0          0        100        576   Library Totals
         6          0          0          0          4          0   (incl. Padding)

    ----------------------------------------------------------------------

      Code (inc. data)   RO Data    RW Data    ZI Data      Debug   Library Name

       266         16          0          0         96        576   c_w.l

    ----------------------------------------------------------------------
       272         16          0          0        100        576   Library Totals

    ----------------------------------------------------------------------

==============================================================================


      Code (inc. data)   RO Data    RW Data    ZI Data      Debug   

      3510        638        622         64       5272      55633   Grand Totals
      3510        638        622         64       5272      55633   ELF Image Totals
      3510        638        622         64          0          0   ROM Totals

==============================================================================

    Total RO  Size (Code + RO Data)                 4132 (   4.04kB)
    Total RW  Size (RW Data + ZI Data)              5336 (   5.21kB)
    Total ROM Size (Code + RO Data + RW Data)       4196 (   4.10kB)

==============================================================================

